eï¿½ï¿½ï¿½ï¿½2: SPI Mode       ï¿½ets Jul 29 2019 12:21:46

rst:0x1 (POWERON_RESET),boot:0x13 (SPI_FAST_FLASH_BOOT)
configsip: 0, SPIWP:0xee
clk_drv:0x00,q_drv:0x00,d_drv:0x00,cs0_drv:0x00,hd_drv:0x00,wp_drv:0x00
mode:DIO, clock div:2
load:0x3fff0030,len:6276
load:0x40078000,len:15716
load:0x40080400,len:4
ho 8 tail 4 room 4
load:0x40080404,len:3860
entry 0x4008063c
[0;32mI (31) boot: ESP-IDF v5.4 2nd stage bootloader[0m
[0;32mI (31) boot: compile time Jun 26 2025 22:43:24[0m
[0;32mI (31) boot: Multicore bootloader[0m
[0;32mI (32) boot: chip revision: v3.1[0m
[0;32mI (35) boot.esp32: SPI Speed      : 40MHz[0m
[0;32mI (39) boot.esp32: SPI Mode       : DIO[0m
[0;32mI (42) boot.esp32: SPI Flash Size : 4MB[0m
[0;32mI (46) boot: Enabling RNG early entropy source...[0m
[0;32mI (50) boot: Partition Table:[0m
[0;32mI (53) boot: ## Label            Usage          Type ST Offset   Length[0m
[0;32mI (59) boot:  0 nvs              WiFi data        01 02 00009000 00006000[0m
[0;32mI (66) boot:  1 phy_init         RF data          01 01 0000f000 00001000[0m
[0;32mI (72) boot:  2 factory          factory app      00 00 00010000 00100000[0m
[0;32mI (79) boot: End of partition table[0m
[0;32mI (82) esp_image: segment 0: paddr=00010020 vaddr=3f400020 size=0a8ech ( 43244) map[0m
[0;32mI (105) esp_image: segment 1: paddr=0001a914 vaddr=3ff80000 size=0001ch (    28) load[0m
[0;32mI (105) esp_image: segment 2: paddr=0001a938 vaddr=3ffb0000 size=0233ch (  9020) load[0m
[0;32mI (112) esp_image: segment 3: paddr=0001cc7c vaddr=40080000 size=0339ch ( 13212) load[0m
[0;32mI (121) esp_image: segment 4: paddr=00020020 vaddr=400d0020 size=15974h ( 88436) map[0m
[0;32mI (154) esp_image: segment 5: paddr=0003599c vaddr=4008339c size=09914h ( 39188) load[0m
[0;32mI (175) boot: Loaded app from partition at offset 0x10000[0m
[0;32mI (175) boot: Disabling RNG early entropy source...[0m
[0;32mI (186) cpu_start: Multicore app[0m
[0;32mI (194) cpu_start: Pro cpu start user code[0m
[0;32mI (194) cpu_start: cpu freq: 160000000 Hz[0m
[0;32mI (194) app_init: Application information:[0m
[0;32mI (194) app_init: Project name:     boxbot_backleg[0m
[0;32mI (199) app_init: App version:      1[0m
[0;32mI (202) app_init: Compile time:     Jun 26 2025 22:42:59[0m
[0;32mI (207) app_init: ELF file SHA256:  15d60be4e...[0m
[0;32mI (212) app_init: ESP-IDF:          v5.4[0m
[0;32mI (215) efuse_init: Min chip rev:     v0.0[0m
[0;32mI (219) efuse_init: Max chip rev:     v3.99 [0m
[0;32mI (223) efuse_init: Chip rev:         v3.1[0m
[0;32mI (227) heap_init: Initializing. RAM available for dynamic allocation:[0m
[0;32mI (233) heap_init: At 3FFAE6E0 len 00001920 (6 KiB): DRAM[0m
[0;32mI (238) heap_init: At 3FFB2C68 len 0002D398 (180 KiB): DRAM[0m
[0;32mI (244) heap_init: At 3FFE0440 len 00003AE0 (14 KiB): D/IRAM[0m
[0;32mI (249) heap_init: At 3FFE4350 len 0001BCB0 (111 KiB): D/IRAM[0m
[0;32mI (254) heap_init: At 4008CCB0 len 00013350 (76 KiB): IRAM[0m
[0;32mI (261) spi_flash: detected chip: generic[0m
[0;32mI (263) spi_flash: flash io: dio[0m
[0;32mI (267) main_task: Started on CPU0[0m
[0;32mI (277) main_task: Calling app_main()[0m
[0;32mI (277) Logs: Create timers[0m
[0;32mI (277) Logs: Create operators and connect to timers[0m
[0;32mI (277) Logs: Create comparators and generators for each servo[0m
[0;32mI (277) Logs: Enable and start timers[0m
[0;32mI (687) Logs: Walking sequence completed, waiting for next iteration...[0m
[0;32mI (1687) Logs: Starting next walking sequence...[0m
[0;32mI (2087) Logs: Walking sequence completed, waiting for next iteration...[0m
[0;32mI (3087) Logs: Starting next walking sequence...[0m
[0;32mI (3487) Logs: Walking sequence completed, waiting for next iteration...[0m
[0;32mI (4487) Logs: Starting next walking sequence...[0m
[0;32mI (4887) Logs: Walking sequence completed, waiting for next iteration...[0m
[0;32mI (5887) Logs: Starting next walking sequence...[0m
[0;32mI (6287) Logs: Walking sequence completed, waiting for next iteration...[0m
[0;32mI (7287) Logs: Starting next walking sequence...[0m
[0;32mI (7687) Logs: Walking sequence completed, waiting for next iteration...[0m
[0;32mI (8687) Logs: Starting next walking sequence...[0m
[0;32mI (9087) Logs: Walking sequence completed, waiting for next iteration...[0m
[0;32mI (10087) Logs: Starting next walking sequence...[0m
[0;32mI (10487) Logs: Walking sequence completed, waiting for next iteration...[0m
[0;32mI (11487) Logs: Starting next walking sequence...[0m
[0;32mI (11887) Logs: Walking sequence completed, waiting for next iteration...[0m
[0;32mI (12887) Logs: Starting next walking sequence...[0m
[0;32mI (13287) Logs: Walking sequence completed, waiting for next iteration...[0m
[0;32mI (14287) Logs: Starting next walking sequence...[0m
[0;32mI (14687) Logs: Walking sequence completed, waiting for next iteration...[0m
[0;32mI (15687) Logs: Starting next walking sequence...[0m
[0;32mI (16087) Logs: Walking sequence completed, waiting for next iteration...[0m
[0;32mI (17087) Logs: Starting next walking sequence...[0m
[0;32mI (17487) Logs: Walking sequence completed, waiting for next iteration...[0m
[0;32mI (18487) Logs: Starting next walking sequence...[0m
[0;32mI (18887) Logs: Walking sequence completed, waiting for next iteration...[0m
[0;32mI (19887) Logs: Starting next walking sequence...[0m
[0;32mI (20287) Logs: Walking sequence completed, waiting for next iteration...[0m
[0;32mI (21287) Logs: Starting next walking sequence...[0m
[0;32mI (21687) Logs: Walking sequence completed, waiting for next iteration...[0m
[0;32mI (22687) Logs: Starting next walking sequence...[0m
[0;32mI (23087) Logs: Walking sequence completed, waiting for next iteration...[0m
[0;32mI (24087) Logs: Starting next walking sequence...[0m
[0;32mI (24487) Logs: Walking sequence completed, waiting for next iteration...[0m
[0;32mI (25487) Logs: Starting next walking sequence...[0m
[0;32mI (25887) Logs: Walking sequence completed, waiting for next iteration...[0m
[0;32mI (26887) Logs: Starting next walking sequence...[0m
[0;32mI (27287) Logs: Walking sequence completed, waiting for next iteration...[0m
[0;32mI (28287) Logs: Starting next walking sequence...[0m
[0;32mI (28687) Logs: Walking sequence completed, waiting for next iteration...[0m
[0;32mI (29687) Logs: Starting next walking sequence...[0m
[0;32mI (30087) Logs: Walking sequence completed, waiting for next iteration...[0m
[0;32mI (31087) Logs: Starting next walking sequence...[0m
[0;32mI (31487) Logs: Walking sequence completed, waiting for next iteration...[0m
[0;32mI (32487) Logs: Starting next walking sequence...[0m
[0;32mI (32887) Logs: Walking sequence completed, waiting for next iteration...[0m
[0;32mI (33887) Logs: Starting next walking sequence...[0m
[0;32mI (34287) Logs: Walking sequence completed, waiting for next iteration...[0m
[0;32mI (35287) Logs: Starting next walking sequence...[0m
[0;32mI (35687) Logs: Walking sequence completed, waiting for next iteration...[0m
[0;32mI (36687) Logs: Starting next walking sequence...[0m
[0;32mI (37087) Logs: Walking sequence completed, waiting for next iteration...[0m
[0;32mI (38087) Logs: Starting next walking sequence...[0m
[0;32mI (38487) Logs: Walking sequence completed, waiting for next iteration...[0m
[0;32mI (39487) Logs: Starting next walking sequence...[0m
[0;32mI (39887) Logs: Walking sequence completed, waiting for next iteration...[0m
[0;32mI (40887) Logs: Starting next walking sequence...[0m
[0;32mI (41287) Logs: Walking sequence completed, waiting for next iteration...[0m
[0;32mI (42287) Logs: Starting next walking sequence...[0m
[0;32mI (42687) Logs: Walking sequence completed, waiting for next iteration...[0m
[0;32mI (43687) Logs: Starting next walking sequence...[0m
[0;32mI (44087) Logs: Walking sequence completed, waiting for next iteration...[0m
[0;32mI (45087) Logs: Starting next walking sequence...[0m
