eï¿½ï¿½ï¿½2: SPI Mode       :ï¿½ets Jul 29 2019 12:21:46

rst:0x1 (POWERON_RESET),boot:0x13 (SPI_FAST_FLASH_BOOT)
configsip: 0, SPIWP:0xee
clk_drv:0x00,q_drv:0x00,d_drv:0x00,cs0_drv:0x00,hd_drv:0x00,wp_drv:0x00
mode:DIO, clock div:2
load:0x3fff0030,len:6276
load:0x40078000,len:15716
load:0x40080400,len:4
ho 8 tail 4 room 4
load:0x40080404,len:3860
entry 0x4008063c
[0;32mI (31) boot: ESP-IDF v5.4 2nd stage bootloader[0m
[0;32mI (31) boot: compile time Jun 26 2025 15:02:30[0m
[0;32mI (31) boot: Multicore bootloader[0m
[0;32mI (32) boot: chip revision: v3.1[0m
[0;32mI (35) boot.esp32: SPI Speed      : 40MHz[0m
[0;32mI (39) boot.esp32: SPI Mode       : DIO[0m
[0;32mI (42) boot.esp32: SPI Flash Size : 2MB[0m
[0;32mI (46) boot: Enabling RNG early entropy source...[0m
[0;32mI (50) boot: Partition Table:[0m
[0;32mI (53) boot: ## Label            Usage          Type ST Offset   Length[0m
[0;32mI (59) boot:  0 nvs              WiFi data        01 02 00009000 00006000[0m
[0;32mI (66) boot:  1 phy_init         RF data          01 01 0000f000 00001000[0m
[0;32mI (72) boot:  2 factory          factory app      00 00 00010000 00100000[0m
[0;32mI (79) boot: End of partition table[0m
[0;32mI (82) esp_image: segment 0: paddr=00010020 vaddr=3f400020 size=0a7cch ( 42956) map[0m
[0;32mI (104) esp_image: segment 1: paddr=0001a7f4 vaddr=3ff80000 size=0001ch (    28) load[0m
[0;32mI (105) esp_image: segment 2: paddr=0001a818 vaddr=3ffb0000 size=0237ch (  9084) load[0m
[0;32mI (112) esp_image: segment 3: paddr=0001cb9c vaddr=40080000 size=0347ch ( 13436) load[0m
[0;32mI (121) esp_image: segment 4: paddr=00020020 vaddr=400d0020 size=15884h ( 88196) map[0m
[0;32mI (154) esp_image: segment 5: paddr=000358ac vaddr=4008347c size=09834h ( 38964) load[0m
[0;32mI (175) boot: Loaded app from partition at offset 0x10000[0m
[0;32mI (175) boot: Disabling RNG early entropy source...[0m
[0;32mI (186) cpu_start: Multicore app[0m
[0;32mI (194) cpu_start: Pro cpu start user code[0m
[0;32mI (194) cpu_start: cpu freq: 160000000 Hz[0m
[0;32mI (194) app_init: Application information:[0m
[0;32mI (194) app_init: Project name:     boxbot_backleg[0m
[0;32mI (198) app_init: App version:      1[0m
[0;32mI (202) app_init: Compile time:     Jun 26 2025 15:02:06[0m
[0;32mI (207) app_init: ELF file SHA256:  a5284326b...[0m
[0;32mI (211) app_init: ESP-IDF:          v5.4[0m
[0;32mI (215) efuse_init: Min chip rev:     v0.0[0m
[0;32mI (219) efuse_init: Max chip rev:     v3.99 [0m
[0;32mI (223) efuse_init: Chip rev:         v3.1[0m
[0;32mI (227) heap_init: Initializing. RAM available for dynamic allocation:[0m
[0;32mI (233) heap_init: At 3FFAE6E0 len 00001920 (6 KiB): DRAM[0m
[0;32mI (238) heap_init: At 3FFB2C78 len 0002D388 (180 KiB): DRAM[0m
[0;32mI (243) heap_init: At 3FFE0440 len 00003AE0 (14 KiB): D/IRAM[0m
[0;32mI (249) heap_init: At 3FFE4350 len 0001BCB0 (111 KiB): D/IRAM[0m
[0;32mI (254) heap_init: At 4008CCB0 len 00013350 (76 KiB): IRAM[0m
[0;32mI (261) spi_flash: detected chip: generic[0m
[0;32mI (263) spi_flash: flash io: dio[0m
[0;33mW (266) spi_flash: Detected size(4096k) larger than the size in the binary image header(2048k). Using the size in the binary image header.[0m
[0;32mI (279) main_task: Started on CPU0[0m
[0;32mI (289) main_task: Calling app_main()[0m
[0;32mI (289) Logs: Creating timer for group 0[0m
[1;31mE (289) mcpwm: mcpwm_operator_register_to_group(54): no free operators in group (0)[0m
[1;31mE (289) mcpwm: mcpwm_new_operator(101): register operator failed[0m
ESP_ERROR_CHECK failed: esp_err_t 0x105 (ESP_ERR_NOT_FOUND) at 0x400d68d3
file: "./main/boxbot_backleg.c" line 99
func: servo_init
expression: mcpwm_new_operator(&operator_config, &oper)

abort() was called at PC 0x4008580f on core 0


Backtrace: 0x400818b9:0x3ffb3df0 0x40085819:0x3ffb3e10 0x4008b575:0x3ffb3e30 0x4008580f:0x3ffb3ea0 0x400d68d3:0x3ffb3ed0 0x400d69d3:0x3ffb3f50 0x400e524c:0x3ffb3f70 0x4008600d:0x3ffb3fa0




ELF file SHA256: a5284326b

Rebooting...
ets Jul 29 2019 12:21:46

rst:0xc (SW_CPU_RESET),boot:0x13 (SPI_FAST_FLASH_BOOT)
configsip: 0, SPIWP:0xee
clk_drv:0x00,q_drv:0x00,d_drv:0x00,cs0_drv:0x00,hd_drv:0x00,wp_drv:0x00
mode:DIO, clock div:2
load:0x3fff0030,len:6276
load:0x40078000,len:15716
load:0x40080400,len:4
ho 8 tail 4 room 4
load:0x40080404,len:3860
entry 0x4008063c
[0;32mI (31) boot: ESP-IDF v5.4 2nd stage bootloader[0m
[0;32mI (31) boot: compile time Jun 26 2025 15:02:30[0m
[0;32mI (31) boot: Multicore bootloader[0m
[0;32mI (32) boot: chip revision: v3.1[0m
[0;32mI (35) boot.esp32: SPI Speed      : 40MHz[0m
[0;32mI (39) boot.esp32: SPI Mode       : DIO[0m
[0;32mI (42) boot.esp32: SPI Flash Size : 2MB[0m
[0;32mI (46) boot: Enabling RNG early entropy source...[0m
[0;32mI (50) boot: Partition Table:[0m
[0;32mI (53) boot: ## Label            Usage          Type ST Offset   Length[0m
[0;32mI (59) boot:  0 nvs              WiFi data        01 02 00009000 00006000[0m
[0;32mI (66) boot:  1 phy_init         RF data          01 01 0000f000 00001000[0m
[0;32mI (72) boot:  2 factory          factory app      00 00 00010000 00100000[0m
[0;32mI (79) boot: End of partition table[0m
[0;32mI (82) esp_image: segment 0: paddr=00010020 vaddr=3f400020 size=0a7cch ( 42956) map[0m
[0;32mI (104) esp_image: segment 1: paddr=0001a7f4 vaddr=3ff80000 size=0001ch (    28) load[0m
[0;32mI (105) esp_image: segment 2: paddr=0001a818 vaddr=3ffb0000 size=0237ch (  9084) load[0m
[0;32mI (112) esp_image: segment 3: paddr=0001cb9c vaddr=40080000 size=0347ch ( 13436) load[0m
[0;32mI (121) esp_image: segment 4: paddr=00020020 vaddr=400d0020 size=15884h ( 88196) map[0m
[0;32mI (153) esp_image: segment 5: paddr=000358ac vaddr=4008347c size=09834h ( 38964) load[0m
I (175) boot: Loaded app from partition at offset 0x10000
[0;32mI (175) boot: Disabling RNG early entropy source...[0m
[0;32mI (185) cpu_start: Multicore app[0m
[0;32mI (194) cpu_start: Pro cpu start user code[0m
[0;32mI (194) cpu_start: cpu freq: 160000000 Hz[0m
[0;32mI (194) app_init: Application information:[0m
[0;32mI (194) app_init: Project name:     boxbot_backleg[0m
[0;32mI (198) app_init: App version:      1[0m
[0;32mI (202) app_init: Compile time:     Jun 26 2025 15:02:06[0m
[0;32mI (207) app_init: ELF file SHA256:  a5284326b...[0m
[0;32mI (211) app_init: ESP-IDF:          v5.4[0m
[0;32mI (215) efuse_init: Min chip rev:     v0.0[0m
[0;32mI (219) efuse_init: Max chip rev:     v3.99 [0m
[0;32mI (223) efuse_init: Chip rev:         v3.1[0m
[0;32mI (227) heap_init: Initializing. RAM available for dynamic allocation:[0m
[0;32mI (233) heap_init: At 3FFAE6E0 len 00001920 (6 KiB): DRAM[0m
[0;32mI (238) heap_init: At 3FFB2C78 len 0002D388 (180 KiB): DRAM[0m
[0;32mI (243) heap_init: At 3FFE0440 len 00003AE0 (14 KiB): D/IRAM[0m
[0;32mI (248) heap_init: At 3FFE4350 len 0001BCB0 (111 KiB): D/IRAM[0m
[0;32mI (254) heap_init: At 4008CCB0 len 00013350 (76 KiB): IRAM[0m
[0;32mI (261) spi_flash: detected chip: generic[0m
[0;32mI (263) spi_flash: flash io: dio[0m
[0;33mW (266) spi_flash: Detected size(4096k) larger than the size in the binary image header(2048k). Using the size in the binary image header.[0m
[0;32mI (279) main_task: Started on CPU0[0m
[0;32mI (289) main_task: Calling app_main()[0m
[0;32mI (289) Logs: Creating timer for group 0[0m
[1;31mE (289) mcpwm: mcpwm_operator_register_to_group(54): no free operators in group (0)[0m
[1;31mE (289) mcpwm: mcpwm_new_operator(101): register operator failed[0m
ESP_ERROR_CHECK failed: esp_err_t 0x105 (ESP_ERR_NOT_FOUND) at 0x400d68d3
file: "./main/boxbot_backleg.c" line 99
func: servo_init
expression: mcpwm_new_operator(&operator_config, &oper)

abort() was called at PC 0x4008580f on core 0


Backtrace: 0x400818b9:0x3ffb3df0 0x40085819:0x3ffb3e10 0x4008b575:0x3ffb3e30 0x4008580f:0x3ffb3ea0 0x400d68d3:0x3ffb3ed0 0x400d69d3:0x3ffb3f50 0x400e524c:0x3ffb3f70 0x4008600d:0x3ffb3fa0




ELF file SHA256: a5284326b

Rebooting...
ets Jul 29 2019 12:21:46

rst:0xc (SW_CPU_RESET),boot:0x13 (SPI_FAST_FLASH_BOOT)
configsip: 0, SPIWP:0xee
clk_drv:0x00,q_drv:0x00,d_drv:0x00,cs0_drv:0x00,hd_drv:0x00,wp_drv:0x00
mode:DIO, clock div:2
load:0x3fff0030,len:6276
load:0x40078000,len:15716
load:0x40080400,len:4
ho 8 tail 4 room 4
load:0x40080404,len:3860
entry 0x4008063c
[0;32mI (31) boot: ESP-IDF v5.4 2nd stage bootloader[0m
[0;32mI (31) boot: compile time Jun 26 2025 15:02:30[0m
[0;32mI (31) boot: Multicore bootloader[0m
[0;32mI (32) boot: chip revision: v3.1[0m
[0;32mI (35) boot.esp32: SPI Speed      : 40MHz[0m
[0;32mI (39) boot.esp32: SPI Mode       : DIO[0m
[0;32mI (42) boot.esp32: SPI Flash Size : 2MB[0m
[0;32mI (46) boot: Enabling RNG early entropy source...[0m
[0;32mI (50) boot: Partition Table:[0m
[0;32mI (53) boot: ## Label            Usage          Type ST Offset   Length[0m
[0;32mI (59) boot:  0 nvs              WiFi data        01 02 00009000 00006000[0m
[0;32mI (66) boot:  1 phy_init         RF data          01 01 0000f000 00001000[0m
[0;32mI (72) boot:  2 factory          factory app      00 00 00010000 00100000[0m
[0;32mI (79) boot: End of partition table[0m
[0;32mI (82) esp_image: segment 0: paddr=00010020 vaddr=3f400020 size=0a7cch ( 42956) map[0m
[0;32mI (104) esp_image: segment 1: paddr=0001a7f4 vaddr=3ff80000 size=0001ch (    28) load[0m
[0;32mI (105) esp_image: segment 2: paddr=0001a818 vaddr=3ffb0000 size=0237ch (  9084) load[0m
[0;32mI (112) esp_image: segment 3: paddr=0001cb9c vaddr=40080000 size=0347ch ( 13436) load[0m
[0;32mI (121) esp_image: segment 4: paddr=00020020 vaddr=400d0020 size=15884h ( 88196) map[0m
[0;32mI (153) esp_image: segment 5: paddr=000358ac vaddr=4008347c size=09834h ( 38964) load[0m
[0;32mI (175) boot: Loaded app from partition at offset 0x10000[0m
[0;32mI (175) boot: Disabling RNG early entropy source...[0m
[0;32mI (185) cpu_start: Multicore app[0m
[0;32mI (194) cpu_start: Pro cpu start user code[0m
[0;32mI (194) cpu_start: cpu freq: 160000000 Hz[0m
[0;32mI (194) app_init: Application information:[0m
[0;32mI (194) app_init: Project name:     boxbot_backleg[0m
[0;32mI (198) app_init: App version:      1[0m
[0;32mI (202) app_init: Compile time:     Jun 26 2025 15:02:06[0m
[0;32mI (207) app_init: ELF file SHA256:  a5284326b...[0m
[0;32mI (211) app_init: ESP-IDF:          v5.4[0m
[0;32mI (215) efuse_init: Min chip rev:     v0.0[0m
[0;32mI (219) efuse_init: Max chip rev:     v3.99 [0m
[0;32mI (223) efuse_init: Chip rev:         v3.1[0m
[0;32mI (227) heap_init: Initializing. RAM available for dynamic allocation:[0m
[0;32mI (233) heap_init: At 3FFAE6E0 len 00001920 (6 KiB): DRAM[0m
[0;32mI (238) heap_init: At 3FFB2C78 len 0002D388 (180 KiB): DRAM[0m
[0;32mI (243) heap_init: At 3FFE0440 len 00003AE0 (14 KiB): D/IRAM[0m
[0;32mI (248) heap_init: At 3FFE4350 len 0001BCB0 (111 KiB): D/IRAM[0m
[0;32mI (254) heap_init: At 4008CCB0 len 00013350 (76 KiB): IRAM[0m
[0;32mI (261) spi_flash: detected chip: generic[0m
[0;32mI (263) spi_flash: flash io: dio[0m
[0;33mW (266) spi_flash: Detected size(4096k) larger than the size in the binary image header(2048k). Using the size in the binary image header.[0m
[0;32mI (279) main_task: Started on CPU0[0m
[0;32mI (289) main_task: Calling app_main()[0m
[0;32mI (289) Logs: Creating timer for group 0[0m
[1;31mE (289) mcpwm: mcpwm_operator_register_to_group(54): no free operators in group (0)[0m
[1;31mE (289) mcpwm: mcpwm_new_operator(101): register operator failed[0m
ESP_ERROR_CHECK failed: esp_err_t 0x105 (ESP_ERR_NOT_FOUND) at 0x400d68d3
file: "./main/boxbot_backleg.c" line 99
func: servo_init
expression: mcpwm_new_operator(&operator_config, &oper)

abort() was called at PC 0x4008580f on core 0


Backtrace: 0x400818b9:0x3ffb3df0 0x40085819:0x3ffb3e10 0x4008b575:0x3ffb3e30 0x4008580f:0x3ffb3ea0 0x400d68d3:0x3ffb3ed0 0x400d69d3:0x3ffb3f50 0x400e524c:0x3ffb3f70 0x4008600d:0x3ffb3fa0




ELF file SHA256: a5284326b

Rebooting...
ets Jul 29 2019 12:21:46

rst:0xc (SW_CPU_RESET),boot:0x13 (SPI_FAST_FLASH_BOOT)
configsip: 0, SPIWP:0xee
clk_drv:0x00,q_drv:0x00,d_drv:0x00,cs0_drv:0x00,hd_drv:0x00,wp_drv:0x00
mode:DIO, clock div:2
load:0x3fff0030,len:6276
load:0x40078000,len:15716
load:0x40080400,len:4
ho 8 tail 4 room 4
load:0x40080404,len:3860
entry 0x4008063c
[0;32mI (31) boot: ESP-IDF v5.4 2nd stage bootloader[0m
[0;32mI (31) boot: compile time Jun 26 2025 15:02:30[0m
[0;32mI (31) boot: Multicore bootloader[0m
[0;32mI (32) boot: chip revision: v3.1[0m
[0;32mI (35) boot.esp32: SPI Speed      : 40MHz[0m
[0;32mI (39) boot.esp32: SPI Mode       : DIO[0m
[0;32mI (42) boot.esp32: SPI Flash Size : 2MB[0m
[0;32mI (46) boot: Enabling RNG early entropy source...[0m
[0;32mI (50) boot: Partition Table:[0m
[0;32mI (53) boot: ## Label            Usage          Type ST Offset   Length[0m
[0;32mI (59) boot:  0 nvs              WiFi data        01 02 00009000 00006000[0m
[0;32mI (66) boot:  1 phy_init         RF data          01 01 0000f000 00001000[0m
[0;32mI (72) boot:  2 factory          factory app      00 00 00010000 00100000[0m
[0;32mI (79) boot: End of partition table[0m
[0;32mI (82) esp_image: segment 0: paddr=00010020 vaddr=3f400020 size=0a7cch ( 42956) map[0m
[0;32mI (104) esp_image: segment 1: paddr=0001a7f4 vaddr=3ff80000 size=0001ch (    28) load[0m
[0;32mI (105) esp_image: segment 2: paddr=0001a818 vaddr=3ffb0000 size=0237ch (  9084) load[0m
[0;32mI (112) esp_image: segment 3: paddr=0001cb9c vaddr=40080000 size=0347ch ( 13436) load[0m
[0;32mI (121) esp_image: segment 4: paddr=00020020 vaddr=400d0020 size=15884h ( 88196) map[0m
[0;32mI (153) esp_image: segment 5: paddr=000358ac vaddr=4008347c size=09834h ( 38964) load[0m
[0;32mI (175) boot: Loaded app from partition at offset 0x10000[0m
[0;32mI (175) boot: Disabling RNG early entropy source...[0m
[0;32mI (185) cpu_start: Multicore app[0m
[0;32mI (194) cpu_start: Pro cpu start user code[0m
[0;32mI (194) cpu_start: cpu freq: 160000000 Hz[0m
[0;32mI (194) app_init: Application information:[0m
[0;32mI (194) app_init: Project name:     boxbot_backleg[0m
[0;32mI (198) app_init: App version:      1[0m
[0;32mI (202) app_init: Compile time:     Jun 26 2025 15:02:06[0m
[0;32mI (207) app_init: ELF file SHA256:  a5284326b...[0m
[0;32mI (211) app_init: ESP-IDF:          v5.4[0m
[0;32mI (215) efuse_init: Min chip rev:     v0.0[0m
[0;32mI (219) efuse_init: Max chip rev:     v3.99 [0m
[0;32mI (223) efuse_init: Chip rev:         v3.1[0m
[0;32mI (227) heap_init: Initializing. RAM available for dynamic allocation:[0m
[0;32mI (233) heap_init: At 3FFAE6E0 len 00001920 (6 KiB): DRAM[0m
[0;32mI (238) heap_init: At 3FFB2C78 len 0002D388 (180 KiB): DRAM[0m
[0;32mI (243) heap_init: At 3FFE0440 len 00003AE0 (14 KiB): D/IRAM[0m
[0;32mI (248) heap_init: At 3FFE4350 len 0001BCB0 (111 KiB): D/IRAM[0m
[0;32mI (254) heap_init: At 4008CCB0 len 00013350 (76 KiB): IRAM[0m
[0;32mI (261) spi_flash: detected chip: generic[0m
[0;32mI (263) spi_flash: flash io: dio[0m
[0;33mW (266) spi_flash: Detected size(4096k) larger than the size in the binary image header(2048k). Using the size in the binary image header.[0m
[0;32mI (279) main_task: Started on CPU0[0m
[0;32mI (289) main_task: Calling app_main()[0m
[0;32mI (289) Logs: Creating timer for group 0[0m
[1;31mE (289) mcpwm: mcpwm_operator_register_to_group(54): no free operators in group (0)[0m
[1;31mE (289) mcpwm: mcpwm_new_operator(101): register operator failed[0m
ESP_ERROR_CHECK failed: esp_err_t 0x105 (ESP_ERR_NOT_FOUND) at 0x400d68d3
file: "./main/boxbot_backleg.c" line 99
func: servo_init
expression: mcpwm_new_operator(&operator_config, &oper)

abort() was called at PC 0x4008580f on core 0


Backtrace: 0x400818b9:0x3ffb3df0 0x40085819:0x3ffb3e10 0x4008b575:0x3ffb3e30 0x4008580f:0x3ffb3ea0 0x400d68d3:0x3ffb3ed0 0x400d69d3:0x3ffb3f50 0x400e524c:0x3ffb3f70 0x4008600d:0x3ffb3fa0




ELF file SHA256: a5284326b

Rebooting...
ets Jul 29 2019 12:21:46

rst:0xc (SW_CPU_RESET),boot:0x13 (SPI_FAST_FLASH_BOOT)
configsip: 0, SPIWP:0xee
clk_drv:0x00,q_drv:0x00,d_drv:0x00,cs0_drv:0x00,hd_drv:0x00,wp_drv:0x00
mode:DIO, clock div:2
load:0x3fff0030,len:6276
load:0x40078000,len:15716
load:0x40080400,len:4
ho 8 tail 4 room 4
load:0x40080404,len:3860
entry 0x4008063c
[0;32mI (31) boot: ESP-IDF v5.4 2nd stage bootloader[0m
[0;32mI (31) boot: compile time Jun 26 2025 15:02:30[0m
[0;32mI (31) boot: Multicore bootloader[0m
[0;32mI (32) boot: chip revision: v3.1[0m
[0;32mI (35) boot.esp32: SPI Speed      : 40MHz[0m
[0;32mI (39) boot.esp32: SPI Mode       : DIO[0m
[0;32mI (42) boot.esp32: SPI Flash Size : 2MB[0m
[0;32mI (46) boot: Enabling RNG early entropy source...[0m
[0;32mI (50) boot: Partition Table:[0m
[0;32mI (53) boot: ## Label            Usage          Type ST Offset   Length[0m
[0;32mI (59) boot:  0 nvs              WiFi data        01 02 00009000 00006000[0m
[0;32mI (66) boot:  1 phy_init         RF data          01 01 0000f000 00001000[0m
[0;32mI (72) boot:  2 factory          factory app      00 00 00010000 00100000[0m
[0;32mI (79) boot: End of partition table[0m
[0;32mI (82) esp_image: segment 0: paddr=00010020 vaddr=3f400020 size=0a7cch ( 42956) map[0m
[0;32mI (104) esp_image: segment 1: paddr=0001a7f4 vaddr=3ff80000 size=0001ch (    28) load[0m
[0;32mI (105) esp_image: segment 2: paddr=0001a818 vaddr=3ffb0000 size=0237ch (  9084) load[0m
[0;32mI (112) esp_image: segment 3: paddr=0001cb9c vaddr=40080000 size=0347ch ( 13436) load[0m
[0;32mI (121) esp_image: segment 4: paddr=00020020 vaddr=400d0020 size=15884h ( 88196) map[0m
[0;32mI (153) esp_image: segment 5: paddr=000358ac vaddr=4008347c size=09834h ( 38964) load[0m
[0;32mI (175) boot: Loaded app from partition at offset 0x10000[0m
[0;32mI (175) boot: Disabling RNG early entropy source...[0m
[0;32mI (185) cpu_start: Multicore app[0m
[0;32mI (194) cpu_start: Pro cpu start user code[0m
[0;32mI (194) cpu_start: cpu freq: 160000000 Hz[0m
[0;32mI (194) app_init: Application information:[0m
[0;32mI (194) app_init: Project name:     boxbot_backleg[0m
[0;32mI (198) app_init: App version:      1[0m
[0;32mI (202) app_init: Compile time:     Jun 26 2025 15:02:06[0m
[0;32mI (207) app_init: ELF file SHA256:  a5284326b...[0m
[0;32mI (211) app_init: ESP-IDF:          v5.4[0m
[0;32mI (215) efuse_init: Min chip rev:     v0.0[0m
[0;32mI (219) efuse_init: Max chip rev:     v3.99 [0m
[0;32mI (223) efuse_init: Chip rev:         v3.1[0m
[0;32mI (227) heap_init: Initializing. RAM available for dynamic allocation:[0m
[0;32mI (233) heap_init: At 3FFAE6E0 len 00001920 (6 KiB): DRAM[0m
[0;32mI (238) heap_init: At 3FFB2C78 len 0002D388 (180 KiB): DRAM[0m
[0;32mI (243) heap_init: At 3FFE0440 len 00003AE0 (14 KiB): D/IRAM[0m
[0;32mI (249) heap_init: At 3FFE4350 len 0001BCB0 (111 KiB): D/IRAM[0m
[0;32mI (254) heap_init: At 4008CCB0 len 00013350 (76 KiB): IRAM[0m
[0;32mI (261) spi_flash: detected chip: generic[0m
[0;32mI (263) spi_flash: flash io: dio[0m
[0;33mW (266) spi_flash: Detected size(4096k) larger than the size in the binary image header(2048k). Using the size in the binary image header.[0m
[0;32mI (279) main_task: Started on CPU0[0m
[0;32mI (289) main_task: Calling app_main()[0m
[0;32mI (289) Logs: Creating timer for group 0[0m
[1;31mE (289) mcpwm: mcpwm_operator_register_to_group(54): no free operators in group (0)[0m
[1;31mE (289) mcpwm: mcpwm_new_operator(101): register operator failed[0m
ESP_ERROR_CHECK failed: esp_err_t 0x105 (ESP_ERR_NOT_FOUND) at 0x400d68d3
file: "./main/boxbot_backleg.c" line 99
func: servo_init
expression: mcpwm_new_operator(&operator_config, &oper)

abort() was called at PC 0x4008580f on core 0


Backtrace: 0x400818b9:0x3ffb3df0 0x40085819:0x3ffb3e10 0x4008b575:0x3ffb3e30 0x4008580f:0x3ffb3ea0 0x400d68d3:0x3ffb3ed0 0x400d69d3:0x3ffb3f50 0x400e524c:0x3ffb3f70 0x4008600d:0x3ffb3fa0




ELF file SHA256: a5284326b

Rebooting...
ets Jul 29 2019 12:21:46

rst:0xc (SW_CPU_RESET),boot:0x13 (SPI_FAST_FLASH_BOOT)
configsip: 0, SPIWP:0xee
clk_drv:0x00,q_drv:0x00,d_drv:0x00,cs0_drv:0x00,hd_drv:0x00,wp_drv:0x00
mode:DIO, clock div:2
load:0x3fff0030,len:6276
load:0x40078000,len:15716
load:0x40080400,len:4
ho 8 tail 4 room 4
load:0x40080404,len:3860
entry 0x4008063c
[0;32mI (31) boot: ESP-IDF v5.4 2nd stage bootloader[0m
[0;32mI (31) boot: compile time Jun 26 2025 15:02:30[0m
[0;32mI (31) boot: Multicore bootloader[0m
[0;32mI (32) boot: chip revision: v3.1[0m
[0;32mI (35) boot.esp32: SPI Speed      : 40MHz[0m
[0;32mI (39) boot.esp32: SPI Mode       : DIO[0m
[0;32mI (42) boot.esp32: SPI Flash Size : 2MB[0m
[0;32mI (46) boot: Enabling RNG early entropy source...[0m
[0;32mI (50) boot: Partition Table:[0m
[0;32mI (53) boot: ## Label            Usage          Type ST Offset   Length[0m
[0;32mI (59) boot:  0 nvs              WiFi data        01 02 00009000 00006000[0m
[0;32mI (66) boot:  1 phy_init         RF data          01 01 0000f000 00001000[0m
[0;32mI (72) boot:  2 factory          factory app      00 00 00010000 00100000[0m
[0;32mI (79) boot: End of partition table[0m
[0;32mI (82) esp_image: segment 0: paddr=00010020 vaddr=3f400020 size=0a7cch ( 42956) map[0m
[0;32mI (104) esp_image: segment 1: paddr=0001a7f4 vaddr=3ff80000 size=0001ch (    28) load[0m
[0;32mI (105) esp_image: segment 2: paddr=0001a818 vaddr=3ffb0000 size=0237ch (  9084) load[0m
[0;32mI (112) esp_image: segment 3: paddr=0001cb9c vaddr=40080000 size=0347ch ( 13436) load[0m
[0;32mI (121) esp_image: segment 4: paddr=00020020 vaddr=400d0020 size=15884h ( 88196) map[0m
[0;32mI (153) esp_image: segment 5: paddr=000358ac vaddr=4008347c size=09834h ( 38964) load[0m
[0;32mI (175) boot: Loaded app from partition at offset 0x10000[0m
[0;32mI (175) boot: Disabling RNG early entropy source...[0m
[0;32mI (185) cpu_start: Multicore app[0m
[0;32mI (194) cpu_start: Pro cpu start user code[0m
[0;32mI (194) cpu_start: cpu freq: 160000000 Hz[0m
[0;32mI (194) app_init: Application information:[0m
[0;32mI (194) app_init: Project name:     boxbot_backleg[0m
[0;32mI (198) app_init: App version:      1[0m
[0;32mI (202) app_init: Compile time:     Jun 26 2025 15:02:06[0m
[0;32mI (207) app_init: ELF file SHA256:  a5284326b...[0m
[0;32mI (211) app_init: ESP-IDF:          v5.4[0m
[0;32mI (215) efuse_init: Min chip rev:     v0.0[0m
[0;32mI (219) efuse_init: Max chip rev:     v3.99 [0m
[0;32mI (223) efuse_init: Chip rev:         v3.1[0m
[0;32mI (227) heap_init: Initializing. RAM available for dynamic allocation:[0m
[0;32mI (233) heap_init: At 3FFAE6E0 len 00001920 (6 KiB): DRAM[0m
[0;32mI (238) heap_init: At 3FFB2C78 len 0002D388 (180 KiB): DRAM[0m
[0;32mI (243) heap_init: At 3FFE0440 len 00003AE0 (14 KiB): D/IRAM[0m
[0;32mI (249) heap_init: At 3FFE4350 len 0001BCB0 (111 KiB): D/IRAM[0m
[0;32mI (254) heap_init: At 4008CCB0 len 00013350 (76 KiB): IRAM[0m
[0;32mI (261) spi_flash: detected chip: generic[0m
[0;32mI (263) spi_flash: flash io: dio[0m
[0;33mW (266) spi_flash: Detected size(4096k) larger than the size in the binary image header(2048k). Using the size in the binary image header.[0m
[0;32mI (279) main_task: Started on CPU0[0m
[0;32mI (289) main_task: Calling app_main()[0m
[0;32mI (289) Logs: Creating timer for group 0[0m
[1;31mE (289) mcpwm: mcpwm_operator_register_to_group(54): no free operators in group (0)[0m
[1;31mE (289) mcpwm: mcpwm_new_operator(101): register operator failed[0m
ESP_ERROR_CHECK failed: esp_err_t 0x105 (ESP_ERR_NOT_FOUND) at 0x400d68d3
file: "./main/boxbot_backleg.c" line 99
func: servo_init
expression: mcpwm_new_operator(&operator_config, &oper)

abort() was called at PC 0x4008580f on core 0


Backtrace: 0x400818b9:0x3ffb3df0 0x40085819:0x3ffb3e10 0x4008b575:0x3ffb3e30 0x4008580f:0x3ffb3ea0 0x400d68d3:0x3ffb3ed0 0x400d69d3:0x3ffb3f50 0x400e524c:0x3ffb3f70 0x4008600d:0x3ffb3fa0




ELF file SHA256: a5284326b

Rebooting...
ets Jul 29 2019 12:21:46

rst:0xc (SW_CPU_RESET),boot:0x13 (SPI_FAST_FLASH_BOOT)
configsip: 0, SPIWP:0xee
clk_drv:0x00,q_drv:0x00,d_drv:0x00,cs0_drv:0x00,hd_drv:0x00,wp_drv:0x00
mode:DIO, clock div:2
load:0x3fff0030,len:6276
load:0x40078000,len:15716
load:0x40080400,len:4
ho 8 tail 4 room 4
load:0x40080404,len:3860
entry 0x4008063c
[0;32mI (31) boot: ESP-IDF v5.4 2nd stage bootloader[0m
[0;32mI (31) boot: compile time Jun 26 2025 15:02:30[0m
[0;32mI (31) boot: Multicore bootloader[0m
[0;32mI (32) boot: chip revision: v3.1[0m
[0;32mI (35) boot.esp32: SPI Speed      : 40MHz[0m
[0;32mI (39) boot.esp32: SPI Mode       : DIO[0m
[0;32mI (42) boot.esp32: SPI Flash Size : 2MB[0m
[0;32mI (46) boot: Enabling RNG early entropy source...[0m
[0;32mI (50) boot: Partition Table:[0m
[0;32mI (53) boot: ## Label            Usage          Type ST Offset   Length[0m
[0;32mI (59) boot:  0 nvs              WiFi data        01 02 00009000 00006000[0m
[0;32mI (66) boot:  1 phy_init         RF data          01 01 0000f000 00001000[0m
[0;32mI (72) boot:  2 factory          factory app      00 00 00010000 00100000[0m
[0;32mI (79) boot: End of partition table[0m
[0;32mI (82) esp_image: segment 0: paddr=00010020 vaddr=3f400020 size=0a7cch ( 42956) map[0m
[0;32mI (104) esp_image: segment 1: paddr=0001a7f4 vaddr=3ff80000 size=0001ch (    28) load[0m
[0;32mI (105) esp_image: segment 2: paddr=0001a818 vaddr=3ffb0000 size=0237ch (  9084) load[0m
[0;32mI (112) esp_image: segment 3: paddr=0001cb9c vaddr=40080000 size=0347ch ( 13436) load[0m
[0;32mI (121) esp_image: segment 4: paddr=00020020 vaddr=400d0020 size=15884h ( 88196) map[0m
[0;32mI (153) esp_image: segment 5: paddr=000358ac vaddr=4008347c size=09834h ( 38964) load[0m
[0;32mI (175) boot: Loaded app from partition at offset 0x10000[0m
[0;32mI (175) boot: Disabling RNG early entropy source...[0m
[0;32mI (185) cpu_start: Multicore app[0m
[0;32mI (194) cpu_start: Pro cpu start user code[0m
[0;32mI (194) cpu_start: cpu freq: 160000000 Hz[0m
[0;32mI (194) app_init: Application information:[0m
I (194) app_init: Project name:     boxbot_backleg
[0;32mI (198) app_init: App version:      1[0m
[0;32mI (202) app_init: Compile time:     Jun 26 2025 15:02:06[0m
[0;32mI (207) app_init: ELF file SHA256:  a5284326b...[0m
[0;32mI (211) app_init: ESP-IDF:          v5.4[0m
[0;32mI (215) efuse_init: Min chip rev:     v0.0[0m
[0;32mI (219) efuse_init: Max chip rev:     v3.99 [0m
[0;32mI (223) efuse_init: Chip rev:         v3.1[0m
[0;32mI (227) heap_init: Initializing. RAM available for dynamic allocation:[0m
[0;32mI (233) heap_init: At 3FFAE6E0 len 00001920 (6 KiB): DRAM[0m
[0;32mI (238) heap_init: At 3FFB2C78 len 0002D388 (180 KiB): DRAM[0m
[0;32mI (243) heap_init: At 3FFE0440 len 00003AE0 (14 KiB): D/IRAM[0m
[0;32mI (249) heap_init: At 3FFE4350 len 0001BCB0 (111 KiB): D/IRAM[0m
[0;32mI (254) heap_init: At 4008CCB0 len 00013350 (76 KiB): IRAM[0m
[0;32mI (261) spi_flash: detected chip: generic[0m
[0;32mI (263) spi_flash: flash io: dio[0m
[0;33mW (266) spi_flash: Detected size(4096k) larger than the size in the binary image header(2048k). Using the size in the binary image header.[0m
[0;32mI (279) main_task: Started on CPU0[0m
[0;32mI (289) main_task: Calling app_main()[0m
[0;32mI (289) Logs: Creating timer for group 0[0m
[1;31mE (289) mcpwm: mcpwm_operator_register_to_group(54): no free operators in group (0)[0m
[1;31mE (289) mcpwm: mcpwm_new_operator(101): register operator failed[0m
ESP_ERROR_CHECK failed: esp_err_t 0x105 (ESP_ERR_NOT_FOUND) at 0x400d68d3
file: "./main/boxbot_backleg.c" line 99
func: servo_init
expression: mcpwm_new_operator(&operator_config, &oper)

abort() was called at PC 0x4008580f on core 0


Backtrace: 0x400818b9:0x3ffb3df0 0x40085819:0x3ffb3e10 0x4008b575:0x3ffb3e30 0x4008580f:0x3ffb3ea0 0x400d68d3:0x3ffb3ed0 0x400d69d3:0x3ffb3f50 0x400e524c:0x3ffb3f70 0x4008600d:0x3ffb3fa0




ELF file SHA256: a5284326b

Rebooting...
ets Jul 29 2019 12:21:46

rst:0xc (SW_CPU_RESET),boot:0x13 (SPI_FAST_FLASH_BOOT)
configsip: 0, SPIWP:0xee
clk_drv:0x00,q_drv:0x00,d_drv:0x00,cs0_drv:0x00,hd_drv:0x00,wp_drv:0x00
mode:DIO, clock div:2
load:0x3fff0030,len:6276
load:0x40078000,len:15716
load:0x40080400,len:4
ho 8 tail 4 room 4
load:0x40080404,len:3860
entry 0x4008063c
[0;32mI (31) boot: ESP-IDF v5.4 2nd stage bootloader[0m
[0;32mI (31) boot: compile time Jun 26 2025 15:02:30[0m
[0;32mI (31) boot: Multicore bootloader[0m
[0;32mI (32) boot: chip revision: v3.1[0m
[0;32mI (35) boot.esp32: SPI Speed      : 40MHz[0m
[0;32mI (39) boot.esp32: SPI Mode       : DIO[0m
[0;32mI (42) boot.esp32: SPI Flash Size : 2MB[0m
[0;32mI (46) boot: Enabling RNG early entropy source...[0m
[0;32mI (50) boot: Partition Table:[0m
[0;32mI (53) boot: ## Label            Usage          Type ST Offset   Length[0m
[0;32mI (59) boot:  0 nvs              WiFi data        01 02 00009000 00006000[0m
[0;32mI (66) boot:  1 phy_init         RF data          01 01 0000f000 00001000[0m
[0;32mI (72) boot:  2 factory          factory app      00 00 00010000 00100000[0m
[0;32mI (79) boot: End of partition table[0m
[0;32mI (82) esp_image: segment 0: paddr=00010020 vaddr=3f400020 size=0a7cch ( 42956) map[0m
[0;32mI (104) esp_image: segment 1: paddr=0001a7f4 vaddr=3ff80000 size=0001ch (    28) load[0m
[0;32mI (105) esp_image: segment 2: paddr=0001a818 vaddr=3ffb0000 size=0237ch (  9084) load[0m
[0;32mI (112) esp_image: segment 3: paddr=0001cb9c vaddr=40080000 size=0347ch ( 13436) load[0m
[0;32mI (121) esp_image: segment 4: paddr=00020020 vaddr=400d0020 size=15884h ( 88196) map[0m
[0;32mI (153) esp_image: segment 5: paddr=000358ac vaddr=4008347c size=09834h ( 38964) load[0m
[0;32mI (175) boot: Loaded app from partition at offset 0x10000[0m
[0;32mI (175) boot: Disabling RNG early entropy source...[0m
[0;32mI (185) cpu_start: Multicore app[0m
[0;32mI (194) cpu_start: Pro cpu start user code[0m
[0;32mI (194) cpu_start: cpu freq: 160000000 Hz[0m
[0;32mI (194) app_init: Application information:[0m
[0;32mI (194) app_init: Project name:     boxbot_backleg[0m
[0;32mI (198) app_init: App version:      1[0m
[0;32mI (202) app_init: Compile time:     Jun 26 2025 15:02:06[0m
[0;32mI (207) app_init: ELF file SHA256:  a5284326b...[0m
[0;32mI (211) app_init: ESP-IDF:          v5.4[0m
[0;32mI (215) efuse_init: Min chip rev:     v0.0[0m
[0;32mI (219) efuse_init: Max chip rev:     v3.99 [0m
[0;32mI (223) efuse_init: Chip rev:         v3.1[0m
[0;32mI (227) heap_init: Initializing. RAM available for dynamic allocation:[0m
[0;32mI (233) heap_init: At 3FFAE6E0 len 00001920 (6 KiB): DRAM[0m
[0;32mI (238) heap_init: At 3FFB2C78 len 0002D388 (180 KiB): DRAM[0m
[0;32mI (243) heap_init: At 3FFE0440 len 00003AE0 (14 KiB): D/IRAM[0m
[0;32mI (248) heap_init: At 3FFE4350 len 0001BCB0 (111 KiB): D/IRAM[0m
[0;32mI (254) heap_init: At 4008CCB0 len 00013350 (76 KiB): IRAM[0m
[0;32mI (261) spi_flash: detected chip: generic[0m
[0;32mI (263) spi_flash: flash io: dio[0m
[0;33mW (266) spi_flash: Detected size(4096k) larger than the size in the binary image header(2048k). Using the size in the binary image header.[0m
[0;32mI (279) main_task: Started on CPU0[0m
[0;32mI (289) main_task: Calling app_main()[0m
[0;32mI (289) Logs: Creating timer for group 0[0m
[1;31mE (289) mcpwm: mcpwm_operator_register_to_group(54): no free operators in group (0)[0m
[1;31mE (289) mcpwm: mcpwm_new_operator(101): register operator failed[0m
ESP_ERROR_CHECK failed: esp_err_t 0x105 (ESP_ERR_NOT_FOUND) at 0x400d68d3
file: "./main/boxbot_backleg.c" line 99
func: servo_init
expression: mcpwm_new_operator(&operator_config, &oper)

abort() was called at PC 0x4008580f on core 0


Backtrace: 0x400818b9:0x3ffb3df0 0x40085819:0x3ffb3e10 0x4008b575:0x3ffb3e30 0x4008580f:0x3ffb3ea0 0x400d68d3:0x3ffb3ed0 0x400d69d3:0x3ffb3f50 0x400e524c:0x3ffb3f70 0x4008600d:0x3ffb3fa0




ELF file SHA256: a5284326b

Rebooting...
ets Jul 29 2019 12:21:46

rst:0xc (SW_CPU_RESET),boot:0x13 (SPI_FAST_FLASH_BOOT)
configsip: 0, SPIWP:0xee
clk_drv:0x00,q_drv:0x00,d_drv:0x00,cs0_drv:0x00,hd_drv:0x00,wp_drv:0x00
mode:DIO, clock div:2
load:0x3fff0030,len:6276
load:0x40078000,len:15716
load:0x40080400,len:4
ho 8 tail 4 room 4
load:0x40080404,len:3860
entry 0x4008063c
[0;32mI (31) boot: ESP-IDF v5.4 2nd stage bootloader[0m
[0;32mI (31) boot: compile time Jun 26 2025 15:02:30[0m
[0;32mI (31) boot: Multicore bootloader[0m
[0;32mI (32) boot: chip revision: v3.1[0m
[0;32mI (35) boot.esp32: SPI Speed      : 40MHz[0m
[0;32mI (39) boot.esp32: SPI Mode       : DIO[0m
[0;32mI (42) boot.esp32: SPI Flash Size : 2MB[0m
[0;32mI (46) boot: Enabling RNG early entropy source...[0m
[0;32mI (50) boot: Partition Table:[0m
[0;32mI (53) boot: ## Label            Usage          Type ST Offset   Length[0m
[0;32mI (59) boot:  0 nvs              WiFi data        01 02 00009000 00006000[0m
[0;32mI (66) boot:  1 phy_init         RF data          01 01 0000f000 00001000[0m
[0;32mI (72) boot:  2 factory          factory app      00 00 00010000 00100000[0m
[0;32mI (79) boot: End of partition table[0m
[0;32mI (82) esp_image: segment 0: paddr=00010020 vaddr=3f400020 size=0a7cch ( 42956) map[0m
[0;32mI (104) esp_image: segment 1: paddr=0001a7f4 vaddr=3ff80000 size=0001ch (    28) load[0m
[0;32mI (105) esp_image: segment 2: paddr=0001a818 vaddr=3ffb0000 size=0237ch (  9084) load[0m
[0;32mI (112) esp_image: segment 3: paddr=0001cb9c vaddr=40080000 size=0347ch ( 13436) load[0m
[0;32mI (121) esp_image: segment 4: paddr=00020020 vaddr=400d0020 size=15884h ( 88196) map[0m
[0;32mI (153) esp_image: segment 5: paddr=000358ac vaddr=4008347c size=09834h ( 38964) load[0m
[0;32mI (175) boot: Loaded app from partition at offset 0x10000[0m
[0;32mI (175) boot: Disabling RNG early entropy source...[0m
[0;32mI (185) cpu_start: Multicore app[0m
[0;32mI (194) cpu_start: Pro cpu start user code[0m
[0;32mI (194) cpu_start: cpu freq: 160000000 Hz[0m
[0;32mI (194) app_init: Application information:[0m
[0;32mI (194) app_init: Project name:     boxbot_backleg[0m
[0;32mI (198) app_init: App version:      1[0m
[0;32mI (202) app_init: Compile time:     Jun 26 2025 15:02:06[0m
[0;32mI (207) app_init: ELF file SHA256:  a5284326b...[0m
[0;32mI (211) app_init: ESP-IDF:          v5.4[0m
[0;32mI (215) efuse_init: Min chip rev:     v0.0[0m
[0;32mI (219) efuse_init: Max chip rev:     v3.99 [0m
[0;32mI (223) efuse_init: Chip rev:         v3.1[0m
[0;32mI (227) heap_init: Initializing. RAM available for dynamic allocation:[0m
[0;32mI (233) heap_init: At 3FFAE6E0 len 00001920 (6 KiB): DRAM[0m
[0;32mI (238) heap_init: At 3FFB2C78 len 0002D388 (180 KiB): DRAM[0m
[0;32mI (243) heap_init: At 3FFE0440 len 00003AE0 (14 KiB): D/IRAM[0m
[0;32mI (248) heap_init: At 3FFE4350 len 0001BCB0 (111 KiB): D/IRAM[0m
[0;32mI (254) heap_init: At 4008CCB0 len 00013350 (76 KiB): IRAM[0m
[0;32mI (261) spi_flash: detected chip: generic[0m
[0;32mI (263) spi_flash: flash io: dio[0m
[0;33mW (266) spi_flash: Detected size(4096k) larger than the size in the binary image header(2048k). Using the size in the binary image header.[0m
[0;32mI (279) main_task: Started on CPU0[0m
[0;32mI (289) main_task: Calling app_main()[0m
[0;32mI (289) Logs: Creating timer for group 0[0m
[1;31mE (289) mcpwm: mcpwm_operator_register_to_group(54): no free operators in group (0)[0m
[1;31mE (289) mcpwm: mcpwm_new_operator(101): register operator failed[0m
ESP_ERROR_CHECK failed: esp_err_t 0x105 (ESP_ERR_NOT_FOUND) at 0x400d68d3
file: "./main/boxbot_backleg.c" line 99
func: servo_init
expression: mcpwm_new_operator(&operator_config, &oper)

abort() was called at PC 0x4008580f on core 0


Backtrace: 0x400818b9:0x3ffb3df0 0x40085819:0x3ffb3e10 0x4008b575:0x3ffb3e30 0x4008580f:0x3ffb3ea0 0x400d68d3:0x3ffb3ed0 0x400d69d3:0x3ffb3f50 0x400e524c:0x3ffb3f70 0x4008600d:0x3ffb3fa0




ELF file SHA256: a5284326b

Rebooting...
ets Jul 29 2019 12:21:46

rst:0xc (SW_CPU_RESET),boot:0x13 (SPI_FAST_FLASH_BOOT)
configsip: 0, SPIWP:0xee
clk_drv:0x00,q_drv:0x00,d_drv:0x00,cs0_drv:0x00,hd_drv:0x00,wp_drv:0x00
mode:DIO, clock div:2
load:0x3fff0030,len:6276
load:0x40078000,len:15716
load:0x40080400,len:4
ho 8 tail 4 room 4
load:0x40080404,len:3860
entry 0x4008063c
[0;32mI (31) boot: ESP-IDF v5.4 2nd stage bootloader[0m
[0;32mI (31) boot: compile time Jun 26 2025 15:02:30[0m
[0;32mI (31) boot: Multicore bootloader[0m
[0;32mI (32) boot: chip revision: v3.1[0m
[0;32mI (35) boot.esp32: SPI Speed      : 40MHz[0m
[0;32mI (39) boot.esp32: SPI Mode       : DIO[0m
[0;32mI (42) boot.esp32: SPI Flash Size : 2MB[0m
[0;32mI (46) boot: Enabling RNG early entropy source...[0m
[0;32mI (50) boot: Partition Table:[0m
[0;32mI (53) boot: ## Label            Usage          Type ST Offset   Length[0m
[0;32mI (59) boot:  0 nvs              WiFi data        01 02 00009000 00006000[0m
[0;32mI (66) boot:  1 phy_init         RF data          01 01 0000f000 00001000[0m
[0;32mI (72) boot:  2 factory          factory app      00 00 00010000 00100000[0m
[0;32mI (79) boot: End of partition table[0m
[0;32mI (82) esp_image: segment 0: paddr=00010020 vaddr=3f400020 size=0a7cch ( 42956) map[0m
[0;32mI (104) esp_image: segment 1: paddr=0001a7f4 vaddr=3ff80000 size=0001ch (    28) load[0m
[0;32mI (105) esp_image: segment 2: paddr=0001a818 vaddr=3ffb0000 size=0237ch (  9084) load[0m
[0;32mI (112) esp_image: segment 3: paddr=0001cb9c vaddr=40080000 size=0347ch ( 13436) load[0m
[0;32mI (121) esp_image: segment 4: paddr=00020020 vaddr=400d0020 size=15884h ( 88196) map[0m
[0;32mI (153) esp_image: segment 5: paddr=000358ac vaddr=4008347c size=09834h ( 38964) load[0m
[0;32mI (175) boot: Loaded app from partition at offset 0x10000[0m
[0;32mI (175) boot: Disabling RNG early entropy source...[0m
[0;32mI (185) cpu_start: Multicore app[0m
[0;32mI (194) cpu_start: Pro cpu start user code[0m
[0;32mI (194) cpu_start: cpu freq: 160000000 Hz[0m
[0;32mI (194) app_init: Application information:[0m
[0;32mI (194) app_init: Project name:     boxbot_backleg[0m
[0;32mI (198) app_init: App version:      1[0m
[0;32mI (202) app_init: Compile time:     Jun 26 2025 15:02:06[0m
[0;32mI (207) app_init: ELF file SHA256:  a5284326b...[0m
[0;32mI (211) app_init: ESP-IDF:          v5.4[0m
[0;32mI (215) efuse_init: Min chip rev:     v0.0[0m
[0;32mI (219) efuse_init: Max chip rev:     v3.99 [0m
[0;32mI (223) efuse_init: Chip rev:         v3.1[0m
[0;32mI (227) heap_init: Initializing. RAM available for dynamic allocation:[0m
[0;32mI (233) heap_init: At 3FFAE6E0 len 00001920 (6 KiB): DRAM[0m
[0;32mI (238) heap_init: At 3FFB2C78 len 0002D388 (180 KiB): DRAM[0m
[0;32mI (243) heap_init: At 3FFE0440 len 00003AE0 (14 KiB): D/IRAM[0m
[0;32mI (248) heap_init: At 3FFE4350 len 0001BCB0 (111 KiB): D/IRAM[0m
[0;32mI (254) heap_init: At 4008CCB0 len 00013350 (76 KiB): IRAM[0m
[0;32mI (261) spi_flash: detected chip: generic[0m
[0;32mI (263) spi_flash: flash io: dio[0m
[0;33mW (266) spi_flash: Detected size(4096k) larger than the size in the binary image header(2048k). Using the size in the binary image header.[0m
[0;32mI (279) main_task: Started on CPU0[0m
[0;32mI (289) main_task: Calling app_main()[0m
[0;32mI (289) Logs: Creating timer for group 0[0m
[1;31mE (289) mcpwm: mcpwm_operator_register_to_group(54): no free operators in group (0)[0m
[1;31mE (289) mcpwm: mcpwm_new_operator(101): register operator failed[0m
ESP_ERROR_CHECK failed: esp_err_t 0x105 (ESP_ERR_NOT_FOUND) at 0x400d68d3
file: "./main/boxbot_backleg.c" line 99
func: servo_init
expression: mcpwm_new_operator(&operator_config, &oper)

abort() was called at PC 0x4008580f on core 0


Backtrace: 0x400818b9:0x3ffb3df0 0x40085819:0x3ffb3e10 0x4008b575:0x3ffb3e30 0x4008580f:0x3ffb3ea0 0x400d68d3:0x3ffb3ed0 0x400d69d3:0x3ffb3f50 0x400e524c:0x3ffb3f70 0x4008600d:0x3ffb3fa0




ELF file SHA256: a5284326b

Rebooting...
ets Jul 29 2019 12:21:46

rst:0xc (SW_CPU_RESET),boot:0x13 (SPI_FAST_FLASH_BOOT)
configsip: 0, SPIWP:0xee
clk_drv:0x00,q_drv:0x00,d_drv:0x00,cs0_drv:0x00,hd_drv:0x00,wp_drv:0x00
mode:DIO, clock div:2
load:0x3fff0030,len:6276
load:0x40078000,len:15716
load:0x40080400,len:4
ho 8 tail 4 room 4
load:0x40080404,len:3860
entry 0x4008063c
[0;32mI (31) boot: ESP-IDF v5.4 2nd stage bootloader[0m
[0;32mI (31) boot: compile time Jun 26 2025 15:02:30[0m
[0;32mI (31) boot: Multicore bootloader[0m
[0;32mI (32) boot: chip revision: v3.1[0m
[0;32mI (35) boot.esp32: SPI Speed      : 40MHz[0m
[0;32mI (39) boot.esp32: SPI Mode       : DIO[0m
[0;32mI (42) boot.esp32: SPI Flash Size : 2MB[0m
[0;32mI (46) boot: Enabling RNG early entropy source...[0m
[0;32mI (50) boot: Partition Table:[0m
[0;32mI (53) boot: ## Label            Usage          Type ST Offset   Length[0m
[0;32mI (59) boot:  0 nvs              WiFi data        01 02 00009000 00006000[0m
[0;32mI (66) boot:  1 phy_init         RF data          01 01 0000f000 00001000[0m
[0;32mI (72) boot:  2 factory          factory app      00 00 00010000 00100000[0m
[0;32mI (79) boot: End of partition table[0m
[0;32mI (82) esp_image: segment 0: paddr=00010020 vaddr=3f400020 size=0a7cch ( 42956) map[0m
[0;32mI (104) esp_image: segment 1: paddr=0001a7f4 vaddr=3ff80000 size=0001ch (    28) load[0m
[0;32mI (105) esp_image: segment 2: paddr=0001a818 vaddr=3ffb0000 size=0237ch (  9084) load[0m
[0;32mI (112) esp_image: segment 3: paddr=0001cb9c vaddr=40080000 size=0347ch ( 13436) load[0m
[0;32mI (121) esp_image: segment 4: paddr=00020020 vaddr=400d0020 size=15884h ( 88196) map[0m
[0;32mI (153) esp_image: segment 5: paddr=000358ac vaddr=4008347c size=09834h ( 38964) load[0m
[0;32mI (175) boot: Loaded app from partition at offset 0x10000[0m
[0;32mI (175) boot: Disabling RNG early entropy source...[0m
[0;32mI (185) cpu_start: Multicore app[0m
[0;32mI (194) cpu_start: Pro cpu start user code[0m
[0;32mI (194) cpu_start: cpu freq: 160000000 Hz[0m
[0;32mI (194) app_init: Application information:[0m
[0;32mI (194) app_init: Project name:     boxbot_backleg[0m
[0;32mI (198) app_init: App version:      1[0m
[0;32mI (202) app_init: Compile time:     Jun 26 2025 15:02:06[0m
[0;32mI (207) app_init: ELF file SHA256:  a5284326b...[0m
[0;32mI (211) app_init: ESP-IDF:          v5.4[0m
[0;32mI (215) efuse_init: Min chip rev:     v0.0[0m
[0;32mI (219) efuse_init: Max chip rev:     v3.99 [0m
[0;32mI (223) efuse_init: Chip rev:         v3.1[0m
[0;32mI (227) heap_init: Initializing. RAM available for dynamic allocation:[0m
[0;32mI (233) heap_init: At 3FFAE6E0 len 00001920 (6 KiB): DRAM[0m
[0;32mI (238) heap_init: At 3FFB2C78 len 0002D388 (180 KiB): DRAM[0m
[0;32mI (243) heap_init: At 3FFE0440 len 00003AE0 (14 KiB): D/IRAM[0m
[0;32mI (248) heap_init: At 3FFE4350 len 0001BCB0 (111 KiB): D/IRAM[0m
[0;32mI (254) heap_init: At 4008CCB0 len 00013350 (76 KiB): IRAM[0m
[0;32mI (261) spi_flash: detected chip: generic[0m
[0;32mI (263) spi_flash: flash io: dio[0m
[0;33mW (266) spi_flash: Detected size(4096k) larger than the size in the binary image header(2048k). Using the size in the binary image header.[0m
[0;32mI (279) main_task: Started on CPU0[0m
[0;32mI (289) main_task: Calling app_main()[0m
[0;32mI (289) Logs: Creating timer for group 0[0m
[1;31mE (289) mcpwm: mcpwm_operator_register_to_group(54): no free operators in group (0)[0m
[1;31mE (289) mcpwm: mcpwm_new_operator(101): register operator failed[0m
ESP_ERROR_CHECK failed: esp_err_t 0x105 (ESP_ERR_NOT_FOUND) at 0x400d68d3
file: "./main/boxbot_backleg.c" line 99
func: servo_init
expression: mcpwm_new_operator(&operator_config, &oper)

abort() was called at PC 0x4008580f on core 0


Backtrace: 0x400818b9:0x3ffb3df0 0x40085819:0x3ffb3e10 0x4008b575:0x3ffb3e30 0x4008580f:0x3ffb3ea0 0x400d68d3:0x3ffb3ed0 0x400d69d3:0x3ffb3f50 0x400e524c:0x3ffb3f70 0x4008600d:0x3ffb3fa0




ELF file SHA256: a5284326b

Rebooting...
ets Jul 29 2019 12:21:46

rst:0xc (SW_CPU_RESET),boot:0x13 (SPI_FAST_FLASH_BOOT)
configsip: 0, SPIWP:0xee
clk_drv:0x00,q_drv:0x00,d_drv:0x00,cs0_drv:0x00,hd_drv:0x00,wp_drv:0x00
mode:DIO, clock div:2
load:0x3fff0030,len:6276
load:0x40078000,len:15716
load:0x40080400,len:4
ho 8 tail 4 room 4
load:0x40080404,len:3860
entry 0x4008063c
[0;32mI (31) boot: ESP-IDF v5.4 2nd stage bootloader[0m
[0;32mI (31) boot: compile time Jun 26 2025 15:02:30[0m
[0;32mI (31) boot: Multicore bootloader[0m
[0;32mI (32) boot: chip revision: v3.1[0m
[0;32mI (35) boot.esp32: SPI Speed      : 40MHz[0m
[0;32mI (39) boot.esp32: SPI Mode       : DIO[0m
[0;32mI (42) boot.esp32: SPI Flash Size : 2MB[0m
[0;32mI (46) boot: Enabling RNG early entropy source...[0m
[0;32mI (50) boot: Partition Table:[0m
[0;32mI (53) boot: ## Label            Usage          Type ST Offset   Length[0m
[0;32mI (59) boot:  0 nvs              WiFi data        01 02 00009000 00006000[0m
[0;32mI (66) boot:  1 phy_init         RF data          01 01 0000f000 00001000[0m
[0;32mI (72) boot:  2 factory          factory app      00 00 00010000 00100000[0m
[0;32mI (79) boot: End of partition table[0m
[0;32mI (82) esp_image: segment 0: paddr=00010020 vaddr=3f400020 size=0a7cch ( 42956) map[0m
[0;32mI (104) esp_image: segment 1: paddr=0001a7f4 vaddr=3ff80000 size=0001ch (    28) load[0m
[0;32mI (105) esp_image: segment 2: paddr=0001a818 vaddr=3ffb0000 size=0237ch (  9084) load[0m
[0;32mI (112) esp_image: segment 3: paddr=0001cb9c vaddr=40080000 size=0347ch ( 13436) load[0m
[0;32mI (121) esp_image: segment 4: paddr=00020020 vaddr=400d0020 size=15884h ( 88196) map[0m
[0;32mI (153) esp_image: segment 5: paddr=000358ac vaddr=4008347c size=09834h ( 38964) load[0m
[0;32mI (175) boot: Loaded app from partition at offset 0x10000[0m
[0;32mI (175) boot: Disabling RNG early entropy source...[0m
[0;32mI (185) cpu_start: Multicore app[0m
[0;32mI (194) cpu_start: Pro cpu start user code[0m
[0;32mI (194) cpu_start: cpu freq: 160000000 Hz[0m
[0;32mI (194) app_init: Application information:[0m
[0;32mI (194) app_init: Project name:     boxbot_backleg[0m
[0;32mI (198) app_init: App version:      1[0m
[0;32mI (202) app_init: Compile time:     Jun 26 2025 15:02:06[0m
[0;32mI (207) app_init: ELF file SHA256:  a5284326b...[0m
[0;32mI (211) app_init: ESP-IDF:          v5.4[0m
[0;32mI (215) efuse_init: Min chip rev:     v0.0[0m
[0;32mI (219) efuse_init: Max chip rev:     v3.99 [0m
[0;32mI (223) efuse_init: Chip rev:         v3.1[0m
[0;32mI (227) heap_init: Initializing. RAM available for dynamic allocation:[0m
[0;32mI (233) heap_init: At 3FFAE6E0 len 00001920 (6 KiB): DRAM[0m
[0;32mI (238) heap_init: At 3FFB2C78 len 0002D388 (180 KiB): DRAM[0m
[0;32mI (243) heap_init: At 3FFE0440 len 00003AE0 (14 KiB): D/IRAM[0m
[0;32mI (248) heap_init: At 3FFE4350 len 0001BCB0 (111 KiB): D/IRAM[0m
[0;32mI (254) heap_init: At 4008CCB0 len 00013350 (76 KiB): IRAM[0m
[0;32mI (261) spi_flash: detected chip: generic[0m
[0;32mI (263) spi_flash: flash io: dio[0m
[0;33mW (266) spi_flash: Detected size(4096k) larger than the size in the binary image header(2048k). Using the size in the binary image header.[0m
[0;32mI (279) main_task: Started on CPU0[0m
[0;32mI (289) main_task: Calling app_main()[0m
[0;32mI (289) Logs: Creating timer for group 0[0m
[1;31mE (289) mcpwm: mcpwm_operator_register_to_group(54): no free operators in group (0)[0m
[1;31mE (289) mcpwm: mcpwm_new_operator(101): register operator failed[0m
ESP_ERROR_CHECK failed: esp_err_t 0x105 (ESP_ERR_NOT_FOUND) at 0x400d68d3
file: "./main/boxbot_backleg.c" line 99
func: servo_init
expression: mcpwm_new_operator(&operator_config, &oper)

abort() was called at PC 0x4008580f on core 0


Backtrace: 0x400818b9:0x3ffb3df0 0x40085819:0x3ffb3e10 0x4008b575:0x3ffb3e30 0x4008580f:0x3ffb3ea0 0x400d68d3:0x3ffb3ed0 0x400d69d3:0x3ffb3f50 0x400e524c:0x3ffb3f70 0x4008600d:0x3ffb3fa0




ELF file SHA256: a5284326b

Rebooting...
ets Jul 29 2019 12:21:46

rst:0xc (SW_CPU_RESET),boot:0x13 (SPI_FAST_FLASH_BOOT)
configsip: 0, SPIWP:0xee
clk_drv:0x00,q_drv:0x00,d_drv:0x00,cs0_drv:0x00,hd_drv:0x00,wp_drv:0x00
mode:DIO, clock div:2
load:0x3fff0030,len:6276
load:0x40078000,len:15716
load:0x40080400,len:4
ho 8 tail 4 room 4
load:0x40080404,len:3860
entry 0x4008063c
[0;32mI (31) boot: ESP-IDF v5.4 2nd stage bootloader[0m
[0;32mI (31) boot: compile time Jun 26 2025 15:02:30[0m
[0;32mI (31) boot: Multicore bootloader[0m
[0;32mI (32) boot: chip revision: v3.1[0m
[0;32mI (35) boot.esp32: SPI Speed      : 40MHz[0m
[0;32mI (39) boot.esp32: SPI Mode       : DIO[0m
[0;32mI (42) boot.esp32: SPI Flash Size : 2MB[0m
[0;32mI (46) boot: Enabling RNG early entropy source...[0m
[0;32mI (50) boot: Partition Table:[0m
[0;32mI (53) boot: ## Label            Usage          Type ST Offset   Length[0m
[0;32mI (59) boot:  0 nvs              WiFi data        01 02 00009000 00006000[0m
[0;32mI (66) boot:  1 phy_init         RF data          01 01 0000f000 00001000[0m
[0;32mI (72) boot:  2 factory          factory app      00 00 00010000 00100000[0m
[0;32mI (79) boot: End of partition table[0m
[0;32mI (82) esp_image: segment 0: paddr=00010020 vaddr=3f400020 size=0a7cch ( 42956) map[0m
[0;32mI (104) esp_image: segment 1: paddr=0001a7f4 vaddr=3ff80000 size=0001ch (    28) load[0m
[0;32mI (105) esp_image: segment 2: paddr=0001a818 vaddr=3ffb0000 size=0237ch (  9084) load[0m
[0;32mI (112) esp_image: segment 3: paddr=0001cb9c vaddr=40080000 size=0347ch ( 13436) load[0m
[0;32mI (121) esp_image: segment 4: paddr=00020020 vaddr=400d0020 size=15884h ( 88196) map[0m
[0;32mI (153) esp_image: segment 5: paddr=000358ac vaddr=4008347c size=09834h ( 38964) load[0m
[0;32mI (175) boot: Loaded app from partition at offset 0x10000[0m
[0;32mI (175) boot: Disabling RNG early entropy source...[0m
[0;32mI (185) cpu_start: Multicore app[0m
[0;32mI (194) cpu_start: Pro cpu start user code[0m
[0;32mI (194) cpu_start: cpu freq: 160000000 Hz[0m
[0;32mI (194) app_init: Application information:[0m
[0;32mI (194) app_init: Project name:     boxbot_backleg[0m
[0;32mI (198) app_init: App version:      1[0m
[0;32mI (202) app_init: Compile time:     Jun 26 2025 15:02:06[0m
[0;32mI (207) app_init: ELF file SHA256:  a5284326b...[0m
[0;32mI (211) app_init: ESP-IDF:          v5.4[0m
[0;32mI (215) efuse_init: Min chip rev:     v0.0[0m
[0;32mI (219) efuse_init: Max chip rev:     v3.99 [0m
[0;32mI (223) efuse_init: Chip rev:         v3.1[0m
[0;32mI (227) heap_init: Initializing. RAM available for dynamic allocation:[0m
[0;32mI (233) heap_init: At 3FFAE6E0 len 00001920 (6 KiB): DRAM[0m
[0;32mI (238) heap_init: At 3FFB2C78 len 0002D388 (180 KiB): DRAM[0m
[0;32mI (243) heap_init: At 3FFE0440 len 00003AE0 (14 KiB): D/IRAM[0m
[0;32mI (248) heap_init: At 3FFE4350 len 0001BCB0 (111 KiB): D/IRAM[0m
[0;32mI (254) heap_init: At 4008CCB0 len 00013350 (76 KiB): IRAM[0m
[0;32mI (261) spi_flash: detected chip: generic[0m
[0;32mI (263) spi_flash: flash io: dio[0m
[0;33mW (266) spi_flash: Detected size(4096k) larger than the size in the binary image header(2048k). Using the size in the binary image header.[0m
[0;32mI (279) main_task: Started on CPU0[0m
[0;32mI (289) main_task: Calling app_main()[0m
[0;32mI (289) Logs: Creating timer for group 0[0m
[1;31mE (289) mcpwm: mcpwm_operator_register_to_group(54): no free operators in group (0)[0m
[1;31mE (289) mcpwm: mcpwm_new_operator(101): register operator failed[0m
ESP_ERROR_CHECK failed: esp_err_t 0x105 (ESP_ERR_NOT_FOUND) at 0x400d68d3
file: "./main/boxbot_backleg.c" line 99
func: servo_init
expression: mcpwm_new_operator(&operator_config, &oper)

abort() was called at PC 0x4008580f on core 0


Backtrace: 0x400818b9:0x3ffb3df0 0x40085819:0x3ffb3e10 0x4008b575:0x3ffb3e30 0x4008580f:0x3ffb3ea0 0x400d68d3:0x3ffb3ed0 0x400d69d3:0x3ffb3f50 0x400e524c:0x3ffb3f70 0x4008600d:0x3ffb3fa0




ELF file SHA256: a5284326b

Rebooting...
ets Jul 29 2019 12:21:46

rst:0xc (SW_CPU_RESET),boot:0x13 (SPI_FAST_FLASH_BOOT)
configsip: 0, SPIWP:0xee
clk_drv:0x00,q_drv:0x00,d_drv:0x00,cs0_drv:0x00,hd_drv:0x00,wp_drv:0x00
mode:DIO, clock div:2
load:0x3fff0030,len:6276
load:0x40078000,len:15716
load:0x40080400,len:4
ho 8 tail 4 room 4
load:0x40080404,len:3860
entry 0x4008063c
[0;32mI (31) boot: ESP-IDF v5.4 2nd stage bootloader[0m
[0;32mI (31) boot: compile time Jun 26 2025 15:02:30[0m
[0;32mI (31) boot: Multicore bootloader[0m
[0;32mI (32) boot: chip revision: v3.1[0m
[0;32mI (35) boot.esp32: SPI Speed      : 40MHz[0m
[0;32mI (39) boot.esp32: SPI Mode       : DIO[0m
[0;32mI (42) boot.esp32: SPI Flash Size : 2MB[0m
[0;32mI (46) boot: Enabling RNG early entropy source...[0m
[0;32mI (50) boot: Partition Table:[0m
[0;32mI (53) boot: ## Label            Usage          Type ST Offset   Length[0m
[0;32mI (59) boot:  0 nvs              WiFi data        01 02 00009000 00006000[0m
[0;32mI (66) boot:  1 phy_init         RF data          01 01 0000f000 00001000[0m
[0;32mI (72) boot:  2 factory          factory app      00 00 00010000 00100000[0m
[0;32mI (79) boot: End of partition table[0m
[0;32mI (82) esp_image: segment 0: paddr=00010020 vaddr=3f400020 size=0a7cch ( 42956) map[0m
[0;32mI (104) esp_image: segment 1: paddr=0001a7f4 vaddr=3ff80000 size=0001ch (    28) load[0m
[0;32mI (105) esp_image: segment 2: paddr=0001a818 vaddr=3ffb0000 size=0237ch (  9084) load[0m
[0;32mI (112) esp_image: segment 3: paddr=0001cb9c vaddr=40080000 size=0347ch ( 13436) load[0m
[0;32mI (121) esp_image: segment 4: paddr=00020020 vaddr=400d0020 size=15884h ( 88196) map[0m
[0;32mI (153) esp_image: segment 5: paddr=000358ac vaddr=4008347c size=09834h ( 38964) load[0m
[0;32mI (175) boot: Loaded app from partition at offset 0x10000[0m
[0;32mI (175) boot: Disabling RNG early entropy source...[0m
[0;32mI (185) cpu_start: Multicore app[0m
[0;32mI (194) cpu_start: Pro cpu start user code[0m
[0;32mI (194) cpu_start: cpu freq: 160000000 Hz[0m
[0;32mI (194) app_init: Application information:[0m
[0;32mI (194) app_init: Project name:     boxbot_backleg[0m
[0;32mI (198) app_init: App version:      1[0m
[0;32mI (202) app_init: Compile time:     Jun 26 2025 15:02:06[0m
[0;32mI (207) app_init: ELF file SHA256:  a5284326b...[0m
[0;32mI (211) app_init: ESP-IDF:          v5.4[0m
[0;32mI (215) efuse_init: Min chip rev:     v0.0[0m
[0;32mI (219) efuse_init: Max chip rev:     v3.99 [0m
[0;32mI (223) efuse_init: Chip rev:         v3.1[0m
[0;32mI (227) heap_init: Initializing. RAM available for dynamic allocation:[0m
[0;32mI (233) heap_init: At 3FFAE6E0 len 00001920 (6 KiB): DRAM[0m
[0;32mI (238) heap_init: At 3FFB2C78 len 0002D388 (180 KiB): DRAM[0m
[0;32mI (243) heap_init: At 3FFE0440 len 00003AE0 (14 KiB): D/IRAM[0m
[0;32mI (248) heap_init: At 3FFE4350 len 0001BCB0 (111 KiB): D/IRAM[0m
[0;32mI (254) heap_init: At 4008CCB0 len 00013350 (76 KiB): IRAM[0m
[0;32mI (261) spi_flash: detected chip: generic[0m
[0;32mI (263) spi_flash: flash io: dio[0m
[0;33mW (266) spi_flash: Detected size(4096k) larger than the size in the binary image header(2048k). Using the size in the binary image header.[0m
[0;32mI (279) main_task: Started on CPU0[0m
[0;32mI (289) main_task: Calling app_main()[0m
[0;32mI (289) Logs: Creating timer for group 0[0m
[1;31mE (289) mcpwm: mcpwm_operator_register_to_group(54): no free operators in group (0)[0m
[1;31mE (289) mcpwm: mcpwm_new_operator(101): register operator failed[0m
ESP_ERROR_CHECK failed: esp_err_t 0x105 (ESP_ERR_NOT_FOUND) at 0x400d68d3
file: "./main/boxbot_backleg.c" line 99
func: servo_init
expression: mcpwm_new_operator(&operator_config, &oper)

abort() was called at PC 0x4008580f on core 0


Backtrace: 0x400818b9:0x3ffb3df0 0x40085819:0x3ffb3e10 0x4008b575:0x3ffb3e30 0x4008580f:0x3ffb3ea0 0x400d68d3:0x3ffb3ed0 0x400d69d3:0x3ffb3f50 0x400e524c:0x3ffb3f70 0x4008600d:0x3ffb3fa0




ELF file SHA256: a5284326b

Rebooting...
ets Jul 29 2019 12:21:46

rst:0xc (SW_CPU_RESET),boot:0x13 (SPI_FAST_FLASH_BOOT)
configsip: 0, SPIWP:0xee
clk_drv:0x00,q_drv:0x00,d_drv:0x00,cs0_drv:0x00,hd_drv:0x00,wp_drv:0x00
mode:DIO, clock div:2
load:0x3fff0030,len:6276
load:0x40078000,len:15716
load:0x40080400,len:4
ho 8 tail 4 room 4
load:0x40080404,len:3860
entry 0x4008063c
[0;32mI (31) boot: ESP-IDF v5.4 2nd stage bootloader[0m
[0;32mI (31) boot: compile time Jun 26 2025 15:02:30[0m
[0;32mI (31) boot: Multicore bootloader[0m
[0;32mI (32) boot: chip revision: v3.1[0m
[0;32mI (35) boot.esp32: SPI Speed      : 40MHz[0m
[0;32mI (39) boot.esp32: SPI Mode       : DIO[0m
[0;32mI (42) boot.esp32: SPI Flash Size : 2MB[0m
[0;32mI (46) boot: Enabling RNG early entropy source...[0m
[0;32mI (50) boot: Partition Table:[0m
[0;32mI (53) boot: ## Label            Usage          Type ST Offset   Length[0m
[0;32mI (59) boot:  0 nvs              WiFi data        01 02 00009000 00006000[0m
[0;32mI (66) boot:  1 phy_init         RF data          01 01 0000f000 00001000[0m
[0;32mI (72) boot:  2 factory          factory app      00 00 00010000 00100000[0m
[0;32mI (79) boot: End of partition table[0m
[0;32mI (82) esp_image: segment 0: paddr=00010020 vaddr=3f400020 size=0a7cch ( 42956) map[0m
[0;32mI (104) esp_image: segment 1: paddr=0001a7f4 vaddr=3ff80000 size=0001ch (    28) load[0m
[0;32mI (105) esp_image: segment 2: paddr=0001a818 vaddr=3ffb0000 size=0237ch (  9084) load[0m
[0;32mI (112) esp_image: segment 3: paddr=0001cb9c vaddr=40080000 size=0347ch ( 13436) load[0m
[0;32mI (121) esp_image: segment 4: paddr=00020020 vaddr=400d0020 size=15884h ( 88196) map[0m
[0;32mI (153) esp_image: segment 5: paddr=000358ac vaddr=4008347c size=09834h ( 38964) load[0m
[0;32mI (175) boot: Loaded app from partition at offset 0x10000[0m
[0;32mI (175) boot: Disabling RNG early entropy source...[0m
[0;32mI (185) cpu_start: Multicore app[0m
[0;32mI (194) cpu_start: Pro cpu start user code[0m
[0;32mI (194) cpu_start: cpu freq: 160000000 Hz[0m
[0;32mI (194) app_init: Application information:[0m
[0;32mI (194) app_init: Project name:     boxbot_backleg[0m
[0;32mI (198) app_init: App version:      1[0m
[0;32mI (202) app_init: Compile time:     Jun 26 2025 15:02:06[0m
[0;32mI (207) app_init: ELF file SHA256:  a5284326b...[0m
[0;32mI (211) app_init: ESP-IDF:          v5.4[0m
[0;32mI (215) efuse_init: Min chip rev:     v0.0[0m
[0;32mI (219) efuse_init: Max chip rev:     v3.99 [0m
[0;32mI (223) efuse_init: Chip rev:         v3.1[0m
[0;32mI (227) heap_init: Initializing. RAM available for dynamic allocation:[0m
[0;32mI (233) heap_init: At 3FFAE6E0 len 00001920 (6 KiB): DRAM[0m
[0;32mI (238) heap_init: At 3FFB2C78 len 0002D388 (180 KiB): DRAM[0m
[0;32mI (243) heap_init: At 3FFE0440 len 00003AE0 (14 KiB): D/IRAM[0m
[0;32mI (248) heap_init: At 3FFE4350 len 0001BCB0 (111 KiB): D/IRAM[0m
[0;32mI (254) heap_init: At 4008CCB0 len 00013350 (76 KiB): IRAM[0m
[0;32mI (261) spi_flash: detected chip: generic[0m
[0;32mI (263) spi_flash: flash io: dio[0m
[0;33mW (266) spi_flash: Detected size(4096k) larger than the size in the binary image header(2048k). Using the size in the binary image header.[0m
[0;32mI (279) main_task: Started on CPU0[0m
[0;32mI (289) main_task: Calling app_main()[0m
[0;32mI (289) Logs: Creating timer for group 0[0m
[1;31mE (289) mcpwm: mcpwm_operator_register_to_group(54): no free operators in group (0)[0m
[1;31mE (289) mcpwm: mcpwm_new_operator(101): register operator failed[0m
ESP_ERROR_CHECK failed: esp_err_t 0x105 (ESP_ERR_NOT_FOUND) at 0x400d68d3
file: "./main/boxbot_backleg.c" line 99
func: servo_init
expression: mcpwm_new_operator(&operator_config, &oper)

abort() was called at PC 0x4008580f on core 0


Backtrace: 0x400818b9:0x3ffb3df0 0x40085819:0x3ffb3e10 0x4008b575:0x3ffb3e30 0x4008580f:0x3ffb3ea0 0x400d68d3:0x3ffb3ed0 0x400d69d3:0x3ffb3f50 0x400e524c:0x3ffb3f70 0x4008600d:0x3ffb3fa0




ELF file SHA256: a5284326b

Rebooting...
ets Jul 29 2019 12:21:46

rst:0xc (SW_CPU_RESET),boot:0x13 (SPI_FAST_FLASH_BOOT)
configsip: 0, SPIWP:0xee
clk_drv:0x00,q_drv:0x00,d_drv:0x00,cs0_drv:0x00,hd_drv:0x00,wp_drv:0x00
mode:DIO, clock div:2
load:0x3fff0030,len:6276
load:0x40078000,len:15716
load:0x40080400,len:4
ho 8 tail 4 room 4
load:0x40080404,len:3860
entry 0x4008063c
I (31) boot: ESP-IDF v5.4 2nd stage bootloader
[0;32mI (31) boot: compile time Jun 26 2025 15:02:30[0m
[0;32mI (31) boot: Multicore bootloader[0m
[0;32mI (32) boot: chip revision: v3.1[0m
[0;32mI (35) boot.esp32: SPI Speed      : 40MHz[0m
[0;32mI (39) boot.esp32: SPI Mode       : DIO[0m
[0;32mI (42) boot.esp32: SPI Flash Size : 2MB[0m
[0;32mI (46) boot: Enabling RNG early entropy source...[0m
[0;32mI (50) boot: Partition Table:[0m
[0;32mI (53) boot: ## Label            Usage          Type ST Offset   Length[0m
[0;32mI (59) boot:  0 nvs              WiFi data        01 02 00009000 00006000[0m
[0;32mI (66) boot:  1 phy_init         RF data          01 01 0000f000 00001000[0m
[0;32mI (72) boot:  2 factory          factory app      00 00 00010000 00100000[0m
[0;32mI (79) boot: End of partition table[0m
[0;32mI (82) esp_image: segment 0: paddr=00010020 vaddr=3f400020 size=0a7cch ( 42956) map[0m
[0;32mI (104) esp_image: segment 1: paddr=0001a7f4 vaddr=3ff80000 size=0001ch (    28) load[0m
[0;32mI (105) esp_image: segment 2: paddr=0001a818 vaddr=3ffb0000 size=0237ch (  9084) load[0m
[0;32mI (112) esp_image: segment 3: paddr=0001cb9c vaddr=40080000 size=0347ch ( 13436) load[0m
[0;32mI (121) esp_image: segment 4: paddr=00020020 vaddr=400d0020 size=15884h ( 88196) map[0m
[0;32mI (153) esp_image: segment 5: paddr=000358ac vaddr=4008347c size=09834h ( 38964) load[0m
[0;32mI (175) boot: Loaded app from partition at offset 0x10000[0m
[0;32mI (175) boot: Disabling RNG early entropy source...[0m
[0;32mI (185) cpu_start: Multicore app[0m
[0;32mI (194) cpu_start: Pro cpu start user code[0m
[0;32mI (194) cpu_start: cpu freq: 160000000 Hz[0m
[0;32mI (194) app_init: Application information:[0m
[0;32mI (194) app_init: Project name:     boxbot_backleg[0m
[0;32mI (198) app_init: App version:      1[0m
[0;32mI (202) app_init: Compile time:     Jun 26 2025 15:02:06[0m
[0;32mI (207) app_init: ELF file SHA256:  a5284326b...[0m
[0;32mI (211) app_init: ESP-IDF:          v5.4[0m
[0;32mI (215) efuse_init: Min chip rev:     v0.0[0m
[0;32mI (219) efuse_init: Max chip rev:     v3.99 [0m
[0;32mI (223) efuse_init: Chip rev:         v3.1[0m
[0;32mI (227) heap_init: Initializing. RAM available for dynamic allocation:[0m
[0;32mI (233) heap_init: At 3FFAE6E0 len 00001920 (6 KiB): DRAM[0m
[0;32mI (238) heap_init: At 3FFB2C78 len 0002D388 (180 KiB): DRAM[0m
[0;32mI (243) heap_init: At 3FFE0440 len 00003AE0 (14 KiB): D/IRAM[0m
[0;32mI (249) heap_init: At 3FFE4350 len 0001BCB0 (111 KiB): D/IRAM[0m
[0;32mI (254) heap_init: At 4008CCB0 len 00013350 (76 KiB): IRAM[0m
[0;32mI (261) spi_flash: detected chip: generic[0m
[0;32mI (263) spi_flash: flash io: dio[0m
[0;33mW (266) spi_flash: Detected size(4096k) larger than the size in the binary image header(2048k). Using the size in the binary image header.[0m
[0;32mI (279) main_task: Started on CPU0[0m
[0;32mI (289) main_task: Calling app_main()[0m
[0;32mI (289) Logs: Creating timer for group 0[0m
[1;31mE (289) mcpwm: mcpwm_operator_register_to_group(54): no free operators in group (0)[0m
[1;31mE (289) mcpwm: mcpwm_new_operator(101): register operator failed[0m
ESP_ERROR_CHECK failed: esp_err_t 0x105 (ESP_ERR_NOT_FOUND) at 0x400d68d3
file: "./main/boxbot_backleg.c" line 99
func: servo_init
expression: mcpwm_new_operator(&operator_config, &oper)

abort() was called at PC 0x4008580f on core 0


Backtrace: 0x400818b9:0x3ffb3df0 0x40085819:0x3ffb3e10 0x4008b575:0x3ffb3e30 0x4008580f:0x3ffb3ea0 0x400d68d3:0x3ffb3ed0 0x400d69d3:0x3ffb3f50 0x400e524c:0x3ffb3f70 0x4008600d:0x3ffb3fa0




ELF file SHA256: a5284326b

Rebooting...
ets Jul 29 2019 12:21:46

rst:0xc (SW_CPU_RESET),boot:0x13 (SPI_FAST_FLASH_BOOT)
configsip: 0, SPIWP:0xee
clk_drv:0x00,q_drv:0x00,d_drv:0x00,cs0_drv:0x00,hd_drv:0x00,wp_drv:0x00
mode:DIO, clock div:2
load:0x3fff0030,len:6276
load:0x40078000,len:15716
load:0x40080400,len:4
ho 8 tail 4 room 4
load:0x40080404,len:3860
entry 0x4008063c
[0;32mI (31) boot: ESP-IDF v5.4 2nd stage bootloader[0m
[0;32mI (31) boot: compile time Jun 26 2025 15:02:30[0m
[0;32mI (31) boot: Multicore bootloader[0m
[0;32mI (32) boot: chip revision: v3.1[0m
[0;32mI (35) boot.esp32: SPI Speed      : 40MHz[0m
[0;32mI (39) boot.esp32: SPI Mode       : DIO[0m
[0;32mI (42) boot.esp32: SPI Flash Size : 2MB[0m
[0;32mI (46) boot: Enabling RNG early entropy source...[0m
[0;32mI (50) boot: Partition Table:[0m
[0;32mI (53) boot: ## Label            Usage          Type ST Offset   Length[0m
[0;32mI (59) boot:  0 nvs              WiFi data        01 02 00009000 00006000[0m
[0;32mI (66) boot:  1 phy_init         RF data          01 01 0000f000 00001000[0m
[0;32mI (72) boot:  2 factory          factory app      00 00 00010000 00100000[0m
[0;32mI (79) boot: End of partition table[0m
[0;32mI (82) esp_image: segment 0: paddr=00010020 vaddr=3f400020 size=0a7cch ( 42956) map[0m
[0;32mI (104) esp_image: segment 1: paddr=0001a7f4 vaddr=3ff80000 size=0001ch (    28) load[0m
[0;32mI (105) esp_image: segment 2: paddr=0001a818 vaddr=3ffb0000 size=0237ch (  9084) load[0m
[0;32mI (112) esp_image: segment 3: paddr=0001cb9c vaddr=40080000 size=0347ch ( 13436) load[0m
[0;32mI (121) esp_image: segment 4: paddr=00020020 vaddr=400d0020 size=15884h ( 88196) map[0m
[0;32mI (153) esp_image: segment 5: paddr=000358ac vaddr=4008347c size=09834h ( 38964) load[0m
[0;32mI (175) boot: Loaded app from partition at offset 0x10000[0m
[0;32mI (175) boot: Disabling RNG early entropy source...[0m
[0;32mI (185) cpu_start: Multicore app[0m
[0;32mI (194) cpu_start: Pro cpu start user code[0m
[0;32mI (194) cpu_start: cpu freq: 160000000 Hz[0m
[0;32mI (194) app_init: Application information:[0m
[0;32mI (194) app_init: Project name:     boxbot_backleg[0m
[0;32mI (198) app_init: App version:      1[0m
[0;32mI (202) app_init: Compile time:     Jun 26 2025 15:02:06[0m
[0;32mI (207) app_init: ELF file SHA256:  a5284326b...[0m
[0;32mI (211) app_init: ESP-IDF:          v5.4[0m
[0;32mI (215) efuse_init: Min chip rev:     v0.0[0m
[0;32mI (219) efuse_init: Max chip rev:     v3.99 [0m
[0;32mI (223) efuse_init: Chip rev:         v3.1[0m
[0;32mI (227) heap_init: Initializing. RAM available for dynamic allocation:[0m
[0;32mI (233) heap_init: At 3FFAE6E0 len 00001920 (6 KiB): DRAM[0m
[0;32mI (238) heap_init: At 3FFB2C78 len 0002D388 (180 KiB): DRAM[0m
[0;32mI (243) heap_init: At 3FFE0440 len 00003AE0 (14 KiB): D/IRAM[0m
[0;32mI (248) heap_init: At 3FFE4350 len 0001BCB0 (111 KiB): D/IRAM[0m
[0;32mI (254) heap_init: At 4008CCB0 len 00013350 (76 KiB): IRAM[0m
[0;32mI (261) spi_flash: detected chip: generic[0m
[0;32mI (263) spi_flash: flash io: dio[0m
[0;33mW (266) spi_flash: Detected size(4096k) larger than the size in the binary image header(2048k). Using the size in the binary image header.[0m
[0;32mI (279) main_task: Started on CPU0[0m
[0;32mI (289) main_task: Calling app_main()[0m
[0;32mI (289) Logs: Creating timer for group 0[0m
[1;31mE (289) mcpwm: mcpwm_operator_register_to_group(54): no free operators in group (0)[0m
[1;31mE (289) mcpwm: mcpwm_new_operator(101): register operator failed[0m
ESP_ERROR_CHECK failed: esp_err_t 0x105 (ESP_ERR_NOT_FOUND) at 0x400d68d3
file: "./main/boxbot_backleg.c" line 99
func: servo_init
expression: mcpwm_new_operator(&operator_config, &oper)

abort() was called at PC 0x4008580f on core 0


Backtrace: 0x400818b9:0x3ffb3df0 0x40085819:0x3ffb3e10 0x4008b575:0x3ffb3e30 0x4008580f:0x3ffb3ea0 0x400d68d3:0x3ffb3ed0 0x400d69d3:0x3ffb3f50 0x400e524c:0x3ffb3f70 0x4008600d:0x3ffb3fa0




ELF file SHA256: a5284326b

Rebooting...
ets Jul 29 2019 12:21:46

rst:0xc (SW_CPU_RESET),boot:0x13 (SPI_FAST_FLASH_BOOT)
configsip: 0, SPIWP:0xee
clk_drv:0x00,q_drv:0x00,d_drv:0x00,cs0_drv:0x00,hd_drv:0x00,wp_drv:0x00
mode:DIO, clock div:2
load:0x3fff0030,len:6276
load:0x40078000,len:15716
load:0x40080400,len:4
ho 8 tail 4 room 4
load:0x40080404,len:3860
entry 0x4008063c
[0;32mI (31) boot: ESP-IDF v5.4 2nd stage bootloader[0m
[0;32mI (31) boot: compile time Jun 26 2025 15:02:30[0m
[0;32mI (31) boot: Multicore bootloader[0m
[0;32mI (32) boot: chip revision: v3.1[0m
[0;32mI (35) boot.esp32: SPI Speed      : 40MHz[0m
[0;32mI (39) boot.esp32: SPI Mode       : DIO[0m
[0;32mI (42) boot.esp32: SPI Flash Size : 2MB[0m
[0;32mI (46) boot: Enabling RNG early entropy source...[0m
[0;32mI (50) boot: Partition Table:[0m
[0;32mI (53) boot: ## Label            Usage          Type ST Offset   Length[0m
[0;32mI (59) boot:  0 nvs              WiFi data        01 02 00009000 00006000[0m
[0;32mI (66) boot:  1 phy_init         RF data          01 01 0000f000 00001000[0m
[0;32mI (72) boot:  2 factory          factory app      00 00 00010000 00100000[0m
[0;32mI (79) boot: End of partition table[0m
[0;32mI (82) esp_image: segment 0: paddr=00010020 vaddr=3f400020 size=0a7cch ( 42956) map[0m
[0;32mI (104) esp_image: segment 1: paddr=0001a7f4 vaddr=3ff80000 size=0001ch (    28) load[0m
[0;32mI (105) esp_image: segment 2: paddr=0001a818 vaddr=3ffb0000 size=0237ch (  9084) load[0m
[0;32mI (112) esp_image: segment 3: paddr=0001cb9c vaddr=40080000 size=0347ch ( 13436) load[0m
[0;32mI (121) esp_image: segment 4: paddr=00020020 vaddr=400d0020 size=15884h ( 88196) map[0m
[0;32mI (153) esp_image: segment 5: paddr=000358ac vaddr=4008347c size=09834h ( 38964) load[0m
[0;32mI (175) boot: Loaded app from partition at offset 0x10000[0m
[0;32mI (175) boot: Disabling RNG early entropy source...[0m
[0;32mI (185) cpu_start: Multicore app[0m
[0;32mI (194) cpu_start: Pro cpu start user code[0m
[0;32mI (194) cpu_start: cpu freq: 160000000 Hz[0m
[0;32mI (194) app_init: Application information:[0m
[0;32mI (194) app_init: Project name:     boxbot_backleg[0m
[0;32mI (198) app_init: App version:      1[0m
[0;32mI (202) app_init: Compile time:     Jun 26 2025 15:02:06[0m
[0;32mI (207) app_init: ELF file SHA256:  a5284326b...[0m
[0;32mI (211) app_init: ESP-IDF:          v5.4[0m
[0;32mI (215) efuse_init: Min chip rev:     v0.0[0m
[0;32mI (219) efuse_init: Max chip rev:     v3.99 [0m
[0;32mI (223) efuse_init: Chip rev:         v3.1[0m
[0;32mI (227) heap_init: Initializing. RAM available for dynamic allocation:[0m
[0;32mI (233) heap_init: At 3FFAE6E0 len 00001920 (6 KiB): DRAM[0m
[0;32mI (238) heap_init: At 3FFB2C78 len 0002D388 (180 KiB): DRAM[0m
[0;32mI (243) heap_init: At 3FFE0440 len 00003AE0 (14 KiB): D/IRAM[0m
[0;32mI (248) heap_init: At 3FFE4350 len 0001BCB0 (111 KiB): D/IRAM[0m
[0;32mI (254) heap_init: At 4008CCB0 len 00013350 (76 KiB): IRAM[0m
[0;32mI (261) spi_flash: detected chip: generic[0m
[0;32mI (263) spi_flash: flash io: dio[0m
[0;33mW (266) spi_flash: Detected size(4096k) larger than the size in the binary image header(2048k). Using the size in the binary image header.[0m
[0;32mI (279) main_task: Started on CPU0[0m
[0;32mI (289) main_task: Calling app_main()[0m
[0;32mI (289) Logs: Creating timer for group 0[0m
[1;31mE (289) mcpwm: mcpwm_operator_register_to_group(54): no free operators in group (0)[0m
[1;31mE (289) mcpwm: mcpwm_new_operator(101): register operator failed[0m
ESP_ERROR_CHECK failed: esp_err_t 0x105 (ESP_ERR_NOT_FOUND) at 0x400d68d3
file: "./main/boxbot_backleg.c" line 99
func: servo_init
expression: mcpwm_new_operator(&operator_config, &oper)

abort() was called at PC 0x4008580f on core 0


Backtrace: 0x400818b9:0x3ffb3df0 0x40085819:0x3ffb3e10 0x4008b575:0x3ffb3e30 0x4008580f:0x3ffb3ea0 0x400d68d3:0x3ffb3ed0 0x400d69d3:0x3ffb3f50 0x400e524c:0x3ffb3f70 0x4008600d:0x3ffb3fa0




ELF file SHA256: a5284326b

Rebooting...
ets Jul 29 2019 12:21:46

rst:0xc (SW_CPU_RESET),boot:0x13 (SPI_FAST_FLASH_BOOT)
configsip: 0, SPIWP:0xee
clk_drv:0x00,q_drv:0x00,d_drv:0x00,cs0_drv:0x00,hd_drv:0x00,wp_drv:0x00
mode:DIO, clock div:2
load:0x3fff0030,len:6276
load:0x40078000,len:15716
load:0x40080400,len:4
ho 8 tail 4 room 4
load:0x40080404,len:3860
entry 0x4008063c
[0;32mI (31) boot: ESP-IDF v5.4 2nd stage bootloader[0m
[0;32mI (31) boot: compile time Jun 26 2025 15:02:30[0m
[0;32mI (31) boot: Multicore bootloader[0m
[0;32mI (32) boot: chip revision: v3.1[0m
[0;32mI (35) boot.esp32: SPI Speed      : 40MHz[0m
[0;32mI (39) boot.esp32: SPI Mode       : DIO[0m
[0;32mI (42) boot.esp32: SPI Flash Size : 2MB[0m
[0;32mI (46) boot: Enabling RNG early entropy source...[0m
[0;32mI (50) boot: Partition Table:[0m
[0;32mI (53) boot: ## Label            Usage          Type ST Offset   Length[0m
[0;32mI (59) boot:  0 nvs              WiFi data        01 02 00009000 00006000[0m
[0;32mI (66) boot:  1 phy_init         RF data          01 01 0000f000 00001000[0m
[0;32mI (72) boot:  2 factory          factory app      00 00 00010000 00100000[0m
[0;32mI (79) boot: End of partition table[0m
[0;32mI (82) esp_image: segment 0: paddr=00010020 vaddr=3f400020 size=0a7cch ( 42956) map[0m
[0;32mI (104) esp_image: segment 1: paddr=0001a7f4 vaddr=3ff80000 size=0001ch (    28) load[0m
[0;32mI (105) esp_image: segment 2: paddr=0001a818 vaddr=3ffb0000 size=0237ch (  9084) load[0m
[0;32mI (112) esp_image: segment 3: paddr=0001cb9c vaddr=40080000 size=0347ch ( 13436) load[0m
[0;32mI (121) esp_image: segment 4: paddr=00020020 vaddr=400d0020 size=15884h ( 88196) map[0m
[0;32mI (153) esp_image: segment 5: paddr=000358ac vaddr=4008347c size=09834h ( 38964) load[0m
[0;32mI (175) boot: Loaded app from partition at offset 0x10000[0m
[0;32mI (175) boot: Disabling RNG early entropy source...[0m
[0;32mI (185) cpu_start: Multicore app[0m
[0;32mI (194) cpu_start: Pro cpu start user code[0m
[0;32mI (194) cpu_start: cpu freq: 160000000 Hz[0m
[0;32mI (194) app_init: Application information:[0m
[0;32mI (194) app_init: Project name:     boxbot_backleg[0m
[0;32mI (198) app_init: App version:      1[0m
[0;32mI (202) app_init: Compile time:     Jun 26 2025 15:02:06[0m
[0;32mI (207) app_init: ELF file SHA256:  a5284326b...[0m
[0;32mI (211) app_init: ESP-IDF:          v5.4[0m
[0;32mI (215) efuse_init: Min chip rev:     v0.0[0m
[0;32mI (219) efuse_init: Max chip rev:     v3.99 [0m
[0;32mI (223) efuse_init: Chip rev:         v3.1[0m
[0;32mI (227) heap_init: Initializing. RAM available for dynamic allocation:[0m
[0;32mI (233) heap_init: At 3FFAE6E0 len 00001920 (6 KiB): DRAM[0m
[0;32mI (238) heap_init: At 3FFB2C78 len 0002D388 (180 KiB): DRAM[0m
[0;32mI (243) heap_init: At 3FFE0440 len 00003AE0 (14 KiB): D/IRAM[0m
[0;32mI (248) heap_init: At 3FFE4350 len 0001BCB0 (111 KiB): D/IRAM[0m
[0;32mI (254) heap_init: At 4008CCB0 len 00013350 (76 KiB): IRAM[0m
[0;32mI (261) spi_flash: detected chip: generic[0m
[0;32mI (263) spi_flash: flash io: dio[0m
[0;33mW (266) spi_flash: Detected size(4096k) larger than the size in the binary image header(2048k). Using the size in the binary image header.[0m
[0;32mI (279) main_task: Started on CPU0[0m
[0;32mI (289) main_task: Calling app_main()[0m
[0;32mI (289) Logs: Creating timer for group 0[0m
[1;31mE (289) mcpwm: mcpwm_operator_register_to_group(54): no free operators in group (0)[0m
[1;31mE (289) mcpwm: mcpwm_new_operator(101): register operator failed[0m
ESP_ERROR_CHECK failed: esp_err_t 0x105 (ESP_ERR_NOT_FOUND) at 0x400d68d3
file: "./main/boxbot_backleg.c" line 99
func: servo_init
expression: mcpwm_new_operator(&operator_config, &oper)

abort() was called at PC 0x4008580f on core 0


Backtrace: 0x400818b9:0x3ffb3df0 0x40085819:0x3ffb3e10 0x4008b575:0x3ffb3e30 0x4008580f:0x3ffb3ea0 0x400d68d3:0x3ffb3ed0 0x400d69d3:0x3ffb3f50 0x400e524c:0x3ffb3f70 0x4008600d:0x3ffb3fa0




ELF file SHA256: a5284326b

Rebooting...
ets Jul 29 2019 12:21:46

rst:0xc (SW_CPU_RESET),boot:0x13 (SPI_FAST_FLASH_BOOT)
configsip: 0, SPIWP:0xee
clk_drv:0x00,q_drv:0x00,d_drv:0x00,cs0_drv:0x00,hd_drv:0x00,wp_drv:0x00
mode:DIO, clock div:2
load:0x3fff0030,len:6276
load:0x40078000,len:15716
load:0x40080400,len:4
ho 8 tail 4 room 4
load:0x40080404,len:3860
entry 0x4008063c
[0;32mI (31) boot: ESP-IDF v5.4 2nd stage bootloader[0m
[0;32mI (31) boot: compile time Jun 26 2025 15:02:30[0m
[0;32mI (31) boot: Multicore bootloader[0m
[0;32mI (32) boot: chip revision: v3.1[0m
[0;32mI (35) boot.esp32: SPI Speed      : 40MHz[0m
[0;32mI (39) boot.esp32: SPI Mode       : DIO[0m
[0;32mI (42) boot.esp32: SPI Flash Size : 2MB[0m
[0;32mI (46) boot: Enabling RNG early entropy source...[0m
[0;32mI (50) boot: Partition Table:[0m
[0;32mI (53) boot: ## Label            Usage          Type ST Offset   Length[0m
[0;32mI (59) boot:  0 nvs              WiFi data        01 02 00009000 00006000[0m
[0;32mI (66) boot:  1 phy_init         RF data          01 01 0000f000 00001000[0m
[0;32mI (72) boot:  2 factory          factory app      00 00 00010000 00100000[0m
[0;32mI (79) boot: End of partition table[0m
[0;32mI (82) esp_image: segment 0: paddr=00010020 vaddr=3f400020 size=0a7cch ( 42956) map[0m
[0;32mI (104) esp_image: segment 1: paddr=0001a7f4 vaddr=3ff80000 size=0001ch (    28) load[0m
[0;32mI (105) esp_image: segment 2: paddr=0001a818 vaddr=3ffb0000 size=0237ch (  9084) load[0m
[0;32mI (112) esp_image: segment 3: paddr=0001cb9c vaddr=40080000 size=0347ch ( 13436) load[0m
[0;32mI (121) esp_image: segment 4: paddr=00020020 vaddr=400d0020 size=15884h ( 88196) map[0m
[0;32mI (153) esp_image: segment 5: paddr=000358ac vaddr=4008347c size=09834h ( 38964) load[0m
[0;32mI (175) boot: Loaded app from partition at offset 0x10000[0m
[0;32mI (175) boot: Disabling RNG early entropy source...[0m
[0;32mI (185) cpu_start: Multicore app[0m
[0;32mI (194) cpu_start: Pro cpu start user code[0m
[0;32mI (194) cpu_start: cpu freq: 160000000 Hz[0m
[0;32mI (194) app_init: Application information:[0m
[0;32mI (194) app_init: Project name:     boxbot_backleg[0m
[0;32mI (198) app_init: App version:      1[0m
[0;32mI (202) app_init: Compile time:     Jun 26 2025 15:02:06[0m
[0;32mI (207) app_init: ELF file SHA256:  a5284326b...[0m
[0;32mI (211) app_init: ESP-IDF:          v5.4[0m
[0;32mI (215) efuse_init: Min chip rev:     v0.0[0m
[0;32mI (219) efuse_init: Max chip rev:     v3.99 [0m
[0;32mI (223) efuse_init: Chip rev:         v3.1[0m
[0;32mI (227) heap_init: Initializing. RAM available for dynamic allocation:[0m
[0;32mI (233) heap_init: At 3FFAE6E0 len 00001920 (6 KiB): DRAM[0m
[0;32mI (238) heap_init: At 3FFB2C78 len 0002D388 (180 KiB): DRAM[0m
[0;32mI (243) heap_init: At 3FFE0440 len 00003AE0 (14 KiB): D/IRAM[0m
[0;32mI (249) heap_init: At 3FFE4350 len 0001BCB0 (111 KiB): D/IRAM[0m
[0;32mI (254) heap_init: At 4008CCB0 len 00013350 (76 KiB): IRAM[0m
[0;32mI (261) spi_flash: detected chip: generic[0m
[0;32mI (263) spi_flash: flash io: dio[0m
[0;33mW (266) spi_flash: Detected size(4096k) larger than the size in the binary image header(2048k). Using the size in the binary image header.[0m
[0;32mI (279) main_task: Started on CPU0[0m
[0;32mI (289) main_task: Calling app_main()[0m
[0;32mI (289) Logs: Creating timer for group 0[0m
[1;31mE (289) mcpwm: mcpwm_operator_register_to_group(54): no free operators in group (0)[0m
[1;31mE (289) mcpwm: mcpwm_new_operator(101): register operator failed[0m
ESP_ERROR_CHECK failed: esp_err_t 0x105 (ESP_ERR_NOT_FOUND) at 0x400d68d3
file: "./main/boxbot_backleg.c" line 99
func: servo_init
expression: mcpwm_new_operator(&operator_config, &oper)

abort() was called at PC 0x4008580f on core 0


Backtrace: 0x400818b9:0x3ffb3df0 0x40085819:0x3ffb3e10 0x4008b575:0x3ffb3e30 0x4008580f:0x3ffb3ea0 0x400d68d3:0x3ffb3ed0 0x400d69d3:0x3ffb3f50 0x400e524c:0x3ffb3f70 0x4008600d:0x3ffb3fa0




ELF file SHA256: a5284326b

Rebooting...
ets Jul 29 2019 12:21:46

rst:0xc (SW_CPU_RESET),boot:0x13 (SPI_FAST_FLASH_BOOT)
configsip: 0, SPIWP:0xee
clk_drv:0x00,q_drv:0x00,d_drv:0x00,cs0_drv:0x00,hd_drv:0x00,wp_drv:0x00
mode:DIO, clock div:2
load:0x3fff0030,len:6276
load:0x40078000,len:15716
load:0x40080400,len:4
ho 8 tail 4 room 4
load:0x40080404,len:3860
entry 0x4008063c
[0;32mI (31) boot: ESP-IDF v5.4 2nd stage bootloader[0m
[0;32mI (31) boot: compile time Jun 26 2025 15:02:30[0m
[0;32mI (31) boot: Multicore bootloader[0m
[0;32mI (32) boot: chip revision: v3.1[0m
[0;32mI (35) boot.esp32: SPI Speed      : 40MHz[0m
[0;32mI (39) boot.esp32: SPI Mode       : DIO[0m
[0;32mI (42) boot.esp32: SPI Flash Size : 2MB[0m
[0;32mI (46) boot: Enabling RNG early entropy source...[0m
[0;32mI (50) boot: Partition Table:[0m
[0;32mI (53) boot: ## Label            Usage          Type ST Offset   Length[0m
[0;32mI (59) boot:  0 nvs              WiFi data        01 02 00009000 00006000[0m
[0;32mI (66) boot:  1 phy_init         RF data          01 01 0000f000 00001000[0m
[0;32mI (72) boot:  2 factory          factory app      00 00 00010000 00100000[0m
[0;32mI (79) boot: End of partition table[0m
[0;32mI (82) esp_image: segment 0: paddr=00010020 vaddr=3f400020 size=0a7cch ( 42956) map[0m
[0;32mI (104) esp_image: segment 1: paddr=0001a7f4 vaddr=3ff80000 size=0001ch (    28) load[0m
[0;32mI (105) esp_image: segment 2: paddr=0001a818 vaddr=3ffb0000 size=0237ch (  9084) load[0m
[0;32mI (112) esp_image: segment 3: paddr=0001cb9c vaddr=40080000 size=0347ch ( 13436) load[0m
[0;32mI (121) esp_image: segment 4: paddr=00020020 vaddr=400d0020 size=15884h ( 88196) map[0m
[0;32mI (153) esp_image: segment 5: paddr=000358ac vaddr=4008347c size=09834h ( 38964) load[0m
[0;32mI (175) boot: Loaded app from partition at offset 0x10000[0m
[0;32mI (175) boot: Disabling RNG early entropy source...[0m
[0;32mI (185) cpu_start: Multicore app[0m
[0;32mI (194) cpu_start: Pro cpu start user code[0m
[0;32mI (194) cpu_start: cpu freq: 160000000 Hz[0m
[0;32mI (194) app_init: Application information:[0m
[0;32mI (194) app_init: Project name:     boxbot_backleg[0m
[0;32mI (198) app_init: App version:      1[0m
[0;32mI (202) app_init: Compile time:     Jun 26 2025 15:02:06[0m
[0;32mI (207) app_init: ELF file SHA256:  a5284326b...[0m
[0;32mI (211) app_init: ESP-IDF:          v5.4[0m
[0;32mI (215) efuse_init: Min chip rev:     v0.0[0m
[0;32mI (219) efuse_init: Max chip rev:     v3.99 [0m
[0;32mI (223) efuse_init: Chip rev:         v3.1[0m
[0;32mI (227) heap_init: Initializing. RAM available for dynamic allocation:[0m
[0;32mI (233) heap_init: At 3FFAE6E0 len 00001920 (6 KiB): DRAM[0m
[0;32mI (238) heap_init: At 3FFB2C78 len 0002D388 (180 KiB): DRAM[0m
[0;32mI (243) heap_init: At 3FFE0440 len 00003AE0 (14 KiB): D/IRAM[0m
[0;32mI (249) heap_init: At 3FFE4350 len 0001BCB0 (111 KiB): D/IRAM[0m
[0;32mI (254) heap_init: At 4008CCB0 len 00013350 (76 KiB): IRAM[0m
[0;32mI (261) spi_flash: detected chip: generic[0m
[0;32mI (263) spi_flash: flash io: dio[0m
[0;33mW (266) spi_flash: Detected size(4096k) larger than the size in the binary image header(2048k). Using the size in the binary image header.[0m
[0;32mI (279) main_task: Started on CPU0[0m
[0;32mI (289) main_task: Calling app_main()[0m
[0;32mI (289) Logs: Creating timer for group 0[0m
[1;31mE (289) mcpwm: mcpwm_operator_register_to_group(54): no free operators in group (0)[0m
[1;31mE (289) mcpwm: mcpwm_new_operator(101): register operator failed[0m
ESP_ERROR_CHECK failed: esp_err_t 0x105 (ESP_ERR_NOT_FOUND) at 0x400d68d3
file: "./main/boxbot_backleg.c" line 99
func: servo_init
expression: mcpwm_new_operator(&operator_config, &oper)

abort() was called at PC 0x4008580f on core 0


Backtrace: 0x400818b9:0x3ffb3df0 0x40085819:0x3ffb3e10 0x4008b575:0x3ffb3e30 0x4008580f:0x3ffb3ea0 0x400d68d3:0x3ffb3ed0 0x400d69d3:0x3ffb3f50 0x400e524c:0x3ffb3f70 0x4008600d:0x3ffb3fa0




ELF file SHA256: a5284326b

Rebooting...
ets Jul 29 2019 12:21:46

rst:0xc (SW_CPU_RESET),boot:0x13 (SPI_FAST_FLASH_BOOT)
configsip: 0, SPIWP:0xee
clk_drv:0x00,q_drv:0x00,d_drv:0x00,cs0_drv:0x00,hd_drv:0x00,wp_drv:0x00
mode:DIO, clock div:2
load:0x3fff0030,len:6276
load:0x40078000,len:15716
load:0x40080400,len:4
ho 8 tail 4 room 4
load:0x40080404,len:3860
entry 0x4008063c
[0;32mI (31) boot: ESP-IDF v5.4 2nd stage bootloader[0m
[0;32mI (31) boot: compile time Jun 26 2025 15:02:30[0m
[0;32mI (31) boot: Multicore bootloader[0m
[0;32mI (32) boot: chip revision: v3.1[0m
[0;32mI (35) boot.esp32: SPI Speed      : 40MHz[0m
[0;32mI (39) boot.esp32: SPI Mode       : DIO[0m
[0;32mI (42) boot.esp32: SPI Flash Size : 2MB[0m
[0;32mI (46) boot: Enabling RNG early entropy source...[0m
[0;32mI (50) boot: Partition Table:[0m
[0;32mI (53) boot: ## Label            Usage          Type ST Offset   Length[0m
[0;32mI (59) boot:  0 nvs              WiFi data        01 02 00009000 00006000[0m
[0;32mI (66) boot:  1 phy_init         RF data          01 01 0000f000 00001000[0m
[0;32mI (72) boot:  2 factory          factory app      00 00 00010000 00100000[0m
[0;32mI (79) boot: End of partition table[0m
[0;32mI (82) esp_image: segment 0: paddr=00010020 vaddr=3f400020 size=0a7cch ( 42956) map[0m
[0;32mI (104) esp_image: segment 1: paddr=0001a7f4 vaddr=3ff80000 size=0001ch (    28) load[0m
[0;32mI (105) esp_image: segment 2: paddr=0001a818 vaddr=3ffb0000 size=0237ch (  9084) load[0m
[0;32mI (112) esp_image: segment 3: paddr=0001cb9c vaddr=40080000 size=0347ch ( 13436) load[0m
[0;32mI (121) esp_image: segment 4: paddr=00020020 vaddr=400d0020 size=15884h ( 88196) map[0m
[0;32mI (153) esp_image: segment 5: paddr=000358ac vaddr=4008347c size=09834h ( 38964) load[0m
[0;32mI (175) boot: Loaded app from partition at offset 0x10000[0m
[0;32mI (175) boot: Disabling RNG early entropy source...[0m
[0;32mI (185) cpu_start: Multicore app[0m
[0;32mI (194) cpu_start: Pro cpu start user code[0m
[0;32mI (194) cpu_start: cpu freq: 160000000 Hz[0m
[0;32mI (194) app_init: Application information:[0m
[0;32mI (194) app_init: Project name:     boxbot_backleg[0m
[0;32mI (198) app_init: App version:      1[0m
[0;32mI (202) app_init: Compile time:     Jun 26 2025 15:02:06[0m
[0;32mI (207) app_init: ELF file SHA256:  a5284326b...[0m
[0;32mI (211) app_init: ESP-IDF:          v5.4[0m
[0;32mI (215) efuse_init: Min chip rev:     v0.0[0m
[0;32mI (219) efuse_init: Max chip rev:     v3.99 [0m
[0;32mI (223) efuse_init: Chip rev:         v3.1[0m
[0;32mI (227) heap_init: Initializing. RAM available for dynamic allocation:[0m
[0;32mI (233) heap_init: At 3FFAE6E0 len 00001920 (6 KiB): DRAM[0m
[0;32mI (238) heap_init: At 3FFB2C78 len 0002D388 (180 KiB): DRAM[0m
[0;32mI (243) heap_init: At 3FFE0440 len 00003AE0 (14 KiB): D/IRAM[0m
[0;32mI (248) heap_init: At 3FFE4350 len 0001BCB0 (111 KiB): D/IRAM[0m
[0;32mI (254) heap_init: At 4008CCB0 len 00013350 (76 KiB): IRAM[0m
[0;32mI (261) spi_flash: detected chip: generic[0m
[0;32mI (263) spi_flash: flash io: dio[0m
[0;33mW (266) spi_flash: Detected size(4096k) larger than the size in the binary image header(2048k). Using the size in the binary image header.[0m
[0;32mI (279) main_task: Started on CPU0[0m
[0;32mI (289) main_task: Calling app_main()[0m
[0;32mI (289) Logs: Creating timer for group 0[0m
[1;31mE (289) mcpwm: mcpwm_operator_register_to_group(54): no free operators in group (0)[0m
[1;31mE (289) mcpwm: mcpwm_new_operator(101): register operator failed[0m
ESP_ERROR_CHECK failed: esp_err_t 0x105 (ESP_ERR_NOT_FOUND) at 0x400d68d3
file: "./main/boxbot_backleg.c" line 99
func: servo_init
expression: mcpwm_new_operator(&operator_config, &oper)

abort() was called at PC 0x4008580f on core 0


Backtrace: 0x400818b9:0x3ffb3df0 0x40085819:0x3ffb3e10 0x4008b575:0x3ffb3e30 0x4008580f:0x3ffb3ea0 0x400d68d3:0x3ffb3ed0 0x400d69d3:0x3ffb3f50 0x400e524c:0x3ffb3f70 0x4008600d:0x3ffb3fa0




ELF file SHA256: a5284326b

Rebooting...
ets Jul 29 2019 12:21:46

rst:0xc (SW_CPU_RESET),boot:0x13 (SPI_FAST_FLASH_BOOT)
configsip: 0, SPIWP:0xee
clk_drv:0x00,q_drv:0x00,d_drv:0x00,cs0_drv:0x00,hd_drv:0x00,wp_drv:0x00
mode:DIO, clock div:2
load:0x3fff0030,len:6276
load:0x40078000,len:15716
load:0x40080400,len:4
ho 8 tail 4 room 4
load:0x40080404,len:3860
entry 0x4008063c
[0;32mI (31) boot: ESP-IDF v5.4 2nd stage bootloader[0m
[0;32mI (31) boot: compile time Jun 26 2025 15:02:30[0m
[0;32mI (31) boot: Multicore bootloader[0m
[0;32mI (32) boot: chip revision: v3.1[0m
[0;32mI (35) boot.esp32: SPI Speed      : 40MHz[0m
[0;32mI (39) boot.esp32: SPI Mode       : DIO[0m
[0;32mI (42) boot.esp32: SPI Flash Size : 2MB[0m
[0;32mI (46) boot: Enabling RNG early entropy source...[0m
[0;32mI (50) boot: Partition Table:[0m
[0;32mI (53) boot: ## Label            Usage          Type ST Offset   Length[0m
[0;32mI (59) boot:  0 nvs              WiFi data        01 02 00009000 00006000[0m
[0;32mI (66) boot:  1 phy_init         RF data          01 01 0000f000 00001000[0m
[0;32mI (72) boot:  2 factory          factory app      00 00 00010000 00100000[0m
[0;32mI (79) boot: End of partition table[0m
[0;32mI (82) esp_image: segment 0: paddr=00010020 vaddr=3f400020 size=0a7cch ( 42956) map[0m
[0;32mI (104) esp_image: segment 1: paddr=0001a7f4 vaddr=3ff80000 size=0001ch (    28) load[0m
[0;32mI (105) esp_image: segment 2: paddr=0001a818 vaddr=3ffb0000 size=0237ch (  9084) load[0m
[0;32mI (112) esp_image: segment 3: paddr=0001cb9c vaddr=40080000 size=0347ch ( 13436) load[0m
[0;32mI (121) esp_image: segment 4: paddr=00020020 vaddr=400d0020 size=15884h ( 88196) map[0m
[0;32mI (153) esp_image: segment 5: paddr=000358ac vaddr=4008347c size=09834h ( 38964) load[0m
[0;32mI (175) boot: Loaded app from partition at offset 0x10000[0m
[0;32mI (175) boot: Disabling RNG early entropy source...[0m
[0;32mI (185) cpu_start: Multicore app[0m
[0;32mI (194) cpu_start: Pro cpu start user code[0m
[0;32mI (194) cpu_start: cpu freq: 160000000 Hz[0m
[0;32mI (194) app_init: Application information:[0m
[0;32mI (194) app_init: Project name:     boxbot_backleg[0m
[0;32mI (198) app_init: App version:      1[0m
[0;32mI (202) app_init: Compile time:     Jun 26 2025 15:02:06[0m
[0;32mI (207) app_init: ELF file SHA256:  a5284326b...[0m
[0;32mI (211) app_init: ESP-IDF:          v5.4[0m
[0;32mI (215) efuse_init: Min chip rev:     v0.0[0m
[0;32mI (219) efuse_init: Max chip rev:     v3.99 [0m
[0;32mI (223) efuse_init: Chip rev:         v3.1[0m
[0;32mI (227) heap_init: Initializing. RAM available for dynamic allocation:[0m
[0;32mI (233) heap_init: At 3FFAE6E0 len 00001920 (6 KiB): DRAM[0m
[0;32mI (238) heap_init: At 3FFB2C78 len 0002D388 (180 KiB): DRAM[0m
[0;32mI (243) heap_init: At 3FFE0440 len 00003AE0 (14 KiB): D/IRAM[0m
[0;32mI (248) heap_init: At 3FFE4350 len 0001BCB0 (111 KiB): D/IRAM[0m
[0;32mI (254) heap_init: At 4008CCB0 len 00013350 (76 KiB): IRAM[0m
[0;32mI (261) spi_flash: detected chip: generic[0m
[0;32mI (263) spi_flash: flash io: dio[0m
[0;33mW (266) spi_flash: Detected size(4096k) larger than the size in the binary image header(2048k). Using the size in the binary image header.[0m
[0;32mI (279) main_task: Started on CPU0[0m
[0;32mI (289) main_task: Calling app_main()[0m
[0;32mI (289) Logs: Creating timer for group 0[0m
[1;31mE (289) mcpwm: mcpwm_operator_register_to_group(54): no free operators in group (0)[0m
[1;31mE (289) mcpwm: mcpwm_new_operator(101): register operator failed[0m
ESP_ERROR_CHECK failed: esp_err_t 0x105 (ESP_ERR_NOT_FOUND) at 0x400d68d3
file: "./main/boxbot_backleg.c" line 99
func: servo_init
expression: mcpwm_new_operator(&operator_config, &oper)

abort() was called at PC 0x4008580f on core 0


Backtrace: 0x400818b9:0x3ffb3df0 0x40085819:0x3ffb3e10 0x4008b575:0x3ffb3e30 0x4008580f:0x3ffb3ea0 0x400d68d3:0x3ffb3ed0 0x400d69d3:0x3ffb3f50 0x400e524c:0x3ffb3f70 0x4008600d:0x3ffb3fa0




ELF file SHA256: a5284326b

Rebooting...
ets Jul 29 2019 12:21:46

rst:0xc (SW_CPU_RESET),boot:0x13 (SPI_FAST_FLASH_BOOT)
configsip: 0, SPIWP:0xee
clk_drv:0x00,q_drv:0x00,d_drv:0x00,cs0_drv:0x00,hd_drv:0x00,wp_drv:0x00
mode:DIO, clock div:2
load:0x3fff0030,len:6276
load:0x40078000,len:15716
load:0x40080400,len:4
ho 8 tail 4 room 4
load:0x40080404,len:3860
entry 0x4008063c
[0;32mI (31) boot: ESP-IDF v5.4 2nd stage bootloader[0m
[0;32mI (31) boot: compile time Jun 26 2025 15:02:30[0m
[0;32mI (31) boot: Multicore bootloader[0m
[0;32mI (32) boot: chip revision: v3.1[0m
[0;32mI (35) boot.esp32: SPI Speed      : 40MHz[0m
[0;32mI (39) boot.esp32: SPI Mode       : DIO[0m
[0;32mI (42) boot.esp32: SPI Flash Size : 2MB[0m
[0;32mI (46) boot: Enabling RNG early entropy source...[0m
[0;32mI (50) boot: Partition Table:[0m
[0;32mI (53) boot: ## Label            Usage          Type ST Offset   Length[0m
[0;32mI (59) boot:  0 nvs              WiFi data        01 02 00009000 00006000[0m
[0;32mI (66) boot:  1 phy_init         RF data          01 01 0000f000 00001000[0m
[0;32mI (72) boot:  2 factory          factory app      00 00 00010000 00100000[0m
[0;32mI (79) boot: End of partition table[0m
[0;32mI (82) esp_image: segment 0: paddr=00010020 vaddr=3f400020 size=0a7cch ( 42956) map[0m
[0;32mI (104) esp_image: segment 1: paddr=0001a7f4 vaddr=3ff80000 size=0001ch (    28) load[0m
[0;32mI (105) esp_image: segment 2: paddr=0001a818 vaddr=3ffb0000 size=0237ch (  9084) load[0m
[0;32mI (112) esp_image: segment 3: paddr=0001cb9c vaddr=40080000 size=0347ch ( 13436) load[0m
[0;32mI (121) esp_image: segment 4: paddr=00020020 vaddr=400d0020 size=15884h ( 88196) map[0m
[0;32mI (153) esp_image: segment 5: paddr=000358ac vaddr=4008347c size=09834h ( 38964) load[0m
[0;32mI (175) boot: Loaded app from partition at offset 0x10000[0m
[0;32mI (175) boot: Disabling RNG early entropy source...[0m
[0;32mI (185) cpu_start: Multicore app[0m
[0;32mI (194) cpu_start: Pro cpu start user code[0m
[0;32mI (194) cpu_start: cpu freq: 160000000 Hz[0m
[0;32mI (194) app_init: Application information:[0m
[0;32mI (194) app_init: Project name:     boxbot_backleg[0m
[0;32mI (198) app_init: App version:      1[0m
[0;32mI (202) app_init: Compile time:     Jun 26 2025 15:02:06[0m
[0;32mI (207) app_init: ELF file SHA256:  a5284326b...[0m
[0;32mI (211) app_init: ESP-IDF:          v5.4[0m
[0;32mI (215) efuse_init: Min chip rev:     v0.0[0m
[0;32mI (219) efuse_init: Max chip rev:     v3.99 [0m
[0;32mI (223) efuse_init: Chip rev:         v3.1[0m
[0;32mI (227) heap_init: Initializing. RAM available for dynamic allocation:[0m
[0;32mI (233) heap_init: At 3FFAE6E0 len 00001920 (6 KiB): DRAM[0m
[0;32mI (238) heap_init: At 3FFB2C78 len 0002D388 (180 KiB): DRAM[0m
[0;32mI (243) heap_init: At 3FFE0440 len 00003AE0 (14 KiB): D/IRAM[0m
[0;32mI (249) heap_init: At 3FFE4350 len 0001BCB0 (111 KiB): D/IRAM[0m
[0;32mI (254) heap_init: At 4008CCB0 len 00013350 (76 KiB): IRAM[0m
[0;32mI (261) spi_flash: detected chip: generic[0m
[0;32mI (263) spi_flash: flash io: dio[0m
[0;33mW (266) spi_flash: Detected size(4096k) larger than the size in the binary image header(2048k). Using the size in the binary image header.[0m
[0;32mI (279) main_task: Started on CPU0[0m
[0;32mI (289) main_task: Calling app_main()[0m
[0;32mI (289) Logs: Creating timer for group 0[0m
[1;31mE (289) mcpwm: mcpwm_operator_register_to_group(54): no free operators in group (0)[0m
[1;31mE (289) mcpwm: mcpwm_new_operator(101): register operator failed[0m
ESP_ERROR_CHECK failed: esp_err_t 0x105 (ESP_ERR_NOT_FOUND) at 0x400d68d3
file: "./main/boxbot_backleg.c" line 99
func: servo_init
expression: mcpwm_new_operator(&operator_config, &oper)

abort() was called at PC 0x4008580f on core 0


Backtrace: 0x400818b9:0x3ffb3df0 0x40085819:0x3ffb3e10 0x4008b575:0x3ffb3e30 0x4008580f:0x3ffb3ea0 0x400d68d3:0x3ffb3ed0 0x400d69d3:0x3ffb3f50 0x400e524c:0x3ffb3f70 0x4008600d:0x3ffb3fa0




ELF file SHA256: a5284326b

Rebooting...
ets Jul 29 2019 12:21:46

rst:0xc (SW_CPU_RESET),boot:0x13 (SPI_FAST_FLASH_BOOT)
configsip: 0, SPIWP:0xee
clk_drv:0x00,q_drv:0x00,d_drv:0x00,cs0_drv:0x00,hd_drv:0x00,wp_drv:0x00
mode:DIO, clock div:2
load:0x3fff0030,len:6276
load:0x40078000,len:15716
load:0x40080400,len:4
ho 8 tail 4 room 4
load:0x40080404,len:3860
entry 0x4008063c
[0;32mI (31) boot: ESP-IDF v5.4 2nd stage bootloader[0m
[0;32mI (31) boot: compile time Jun 26 2025 15:02:30[0m
[0;32mI (31) boot: Multicore bootloader[0m
[0;32mI (32) boot: chip revision: v3.1[0m
[0;32mI (35) boot.esp32: SPI Speed      : 40MHz[0m
[0;32mI (39) boot.esp32: SPI Mode       : DIO[0m
[0;32mI (42) boot.esp32: SPI Flash Size : 2MB[0m
[0;32mI (46) boot: Enabling RNG early entropy source...[0m
[0;32mI (50) boot: Partition Table:[0m
[0;32mI (53) boot: ## Label            Usage          Type ST Offset   Length[0m
[0;32mI (59) boot:  0 nvs              WiFi data        01 02 00009000 00006000[0m
[0;32mI (66) boot:  1 phy_init         RF data          01 01 0000f000 00001000[0m
[0;32mI (72) boot:  2 factory          factory app      00 00 00010000 00100000[0m
[0;32mI (79) boot: End of partition table[0m
[0;32mI (82) esp_image: segment 0: paddr=00010020 vaddr=3f400020 size=0a7cch ( 42956) map[0m
[0;32mI (104) esp_image: segment 1: paddr=0001a7f4 vaddr=3ff80000 size=0001ch (    28) load[0m
[0;32mI (105) esp_image: segment 2: paddr=0001a818 vaddr=3ffb0000 size=0237ch (  9084) load[0m
[0;32mI (112) esp_image: segment 3: paddr=0001cb9c vaddr=40080000 size=0347ch ( 13436) load[0m
[0;32mI (121) esp_image: segment 4: paddr=00020020 vaddr=400d0020 size=15884h ( 88196) map[0m
[0;32mI (153) esp_image: segment 5: paddr=000358ac vaddr=4008347c size=09834h ( 38964) load[0m
[0;32mI (175) boot: Loaded app from partition at offset 0x10000[0m
[0;32mI (175) boot: Disabling RNG early entropy source...[0m
[0;32mI (185) cpu_start: Multicore app[0m
[0;32mI (194) cpu_start: Pro cpu start user code[0m
[0;32mI (194) cpu_start: cpu freq: 160000000 Hz[0m
[0;32mI (194) app_init: Application information:[0m
[0;32mI (194) app_init: Project name:     boxbot_backleg[0m
[0;32mI (198) app_init: App version:      1[0m
[0;32mI (202) app_init: Compile time:     Jun 26 2025 15:02:06[0m
[0;32mI (207) app_init: ELF file SHA256:  a5284326b...[0m
[0;32mI (211) app_init: ESP-IDF:          v5.4[0m
[0;32mI (215) efuse_init: Min chip rev:     v0.0[0m
[0;32mI (219) efuse_init: Max chip rev:     v3.99 [0m
[0;32mI (223) efuse_init: Chip rev:         v3.1[0m
[0;32mI (227) heap_init: Initializing. RAM available for dynamic allocation:[0m
[0;32mI (233) heap_init: At 3FFAE6E0 len 00001920 (6 KiB): DRAM[0m
[0;32mI (238) heap_init: At 3FFB2C78 len 0002D388 (180 KiB): DRAM[0m
[0;32mI (243) heap_init: At 3FFE0440 len 00003AE0 (14 KiB): D/IRAM[0m
[0;32mI (248) heap_init: At 3FFE4350 len 0001BCB0 (111 KiB): D/IRAM[0m
[0;32mI (254) heap_init: At 4008CCB0 len 00013350 (76 KiB): IRAM[0m
[0;32mI (261) spi_flash: detected chip: generic[0m
[0;32mI (263) spi_flash: flash io: dio[0m
[0;33mW (266) spi_flash: Detected size(4096k) larger than the size in the binary image header(2048k). Using the size in the binary image header.[0m
[0;32mI (279) main_task: Started on CPU0[0m
[0;32mI (289) main_task: Calling app_main()[0m
[0;32mI (289) Logs: Creating timer for group 0[0m
